Component: ARM Compiler 5.06 update 6 (build 750) Tool: armlink [4d35ed]

==============================================================================

Section Cross References

    main.o(i.main) refers to ht32_cm0plus_misc.o(i.NVIC_SetVectorTable) for NVIC_SetVectorTable
    main.o(i.main) refers to printfb.o(i.__0printf$bare) for __2printf
    main.o(i.main) refers to main.o(i.version_fun) for version_fun
    main.o(i.main) refers to mcu_api.o(i.bt_protocol_init) for bt_protocol_init
    main.o(i.main) refers to motor_init.o(i.clock_config) for clock_config
    main.o(i.main) refers to uart0_init.o(i.uart0_init) for uart0_init
    main.o(i.main) refers to usart0_init.o(i.usart0_init) for usart0_init
    main.o(i.main) refers to gpio_init.o(i.key_init) for key_init
    main.o(i.main) refers to gpio_init.o(i.gpio_init) for gpio_init
    main.o(i.main) refers to adc_init.o(i.adc_init) for adc_init
    main.o(i.main) refers to gptm0_init.o(i.gptm0_onfiguration) for gptm0_onfiguration
    main.o(i.main) refers to bftm_init.o(i.bftm_onfiguration) for bftm_onfiguration
    main.o(i.main) refers to rtc_init.o(i.rtc_init) for rtc_init
    main.o(i.main) refers to systick_init.o(i.systick_init) for systick_init
    main.o(i.main) refers to low_power_iniit.o(i.low_power_init) for low_power_init
    main.o(i.main) refers to protocol.o(i.bt_send_mcu_ver) for bt_send_mcu_ver
    main.o(i.main) refers to ht32f5xxxx_flash.o(i.FLASH_ErasePage) for FLASH_ErasePage
    main.o(i.main) refers to ht32f5xxxx_flash.o(i.FLASH_ProgramWordData) for FLASH_ProgramWordData
    main.o(i.main) refers to motor_init.o(i.motor_pwr) for motor_pwr
    main.o(i.main) refers to ht32f5xxxx_gpio.o(i.GPIO_WriteOutBits) for GPIO_WriteOutBits
    main.o(i.main) refers to tst_function.o(i.motor_current_test) for motor_current_test
    main.o(i.main) refers to tst_function.o(i.motor_turn) for motor_turn
    main.o(i.main) refers to tst_function.o(i.calibration_test) for calibration_test
    main.o(i.main) refers to mcu_api.o(i.bt_uart_service) for bt_uart_service
    main.o(i.main) refers to motor_init.o(i.motor_stop) for motor_stop
    main.o(i.main) refers to tybn1_init.o(i.tybn1_join_sleep_mode) for tybn1_join_sleep_mode
    main.o(i.main) refers to ht32f5xxxx_exti.o(i.EXTI_ClearWakeupFlag) for EXTI_ClearWakeupFlag
    main.o(i.main) refers to ht32f5xxxx_exti.o(i.EXTI_WakeupEventIntConfig) for EXTI_WakeupEventIntConfig
    main.o(i.main) refers to ht32f5xxxx_adc.o(i.ADC_Cmd) for ADC_Cmd
    main.o(i.main) refers to ht32f5xxxx_pwrcu.o(i.PWRCU_DeepSleep1) for PWRCU_DeepSleep1
    main.o(i.main) refers to ht32f5xxxx_usart.o(i.USART_SendData) for USART_SendData
    main.o(i.main) refers to service_logic_manage.o(.data) for variable
    main.o(i.main) refers to tybn1_init.o(.data) for mcu_state
    main.o(i.main) refers to service_logic_manage.o(.data) for curtain_mode
    main.o(i.main) refers to tst_function.o(.data) for motor_current
    main.o(i.main) refers to low_power_iniit.o(.data) for low_power_event_flag
    main.o(i.main) refers to ht32f5xxxx_01_it.o(.data) for gptm0_4low
    main.o(i.version_fun) refers to main.o(.data) for .data
    ht32f5xxxx_01_it.o(i.BFTM0_IRQHandler) refers to ht32f5xxxx_bftm.o(i.BFTM_ClearFlag) for BFTM_ClearFlag
    ht32f5xxxx_01_it.o(i.BFTM0_IRQHandler) refers to bftm_init.o(.data) for bftm_cnt
    ht32f5xxxx_01_it.o(i.BFTM0_IRQHandler) refers to bftm_init.o(.data) for bftm_second
    ht32f5xxxx_01_it.o(i.BFTM0_IRQHandler) refers to bftm_init.o(.data) for bftm_minute
    ht32f5xxxx_01_it.o(i.BFTM0_IRQHandler) refers to bftm_init.o(.data) for bftm_hour
    ht32f5xxxx_01_it.o(i.EVWUP_IRQHandler) refers to ht32f5xxxx_usart.o(i.USART_SendData) for USART_SendData
    ht32f5xxxx_01_it.o(i.EVWUP_IRQHandler) refers to ht32f5xxxx_usart.o(i.USART_GetFlagStatus) for USART_GetFlagStatus
    ht32f5xxxx_01_it.o(i.EVWUP_IRQHandler) refers to tybn1_init.o(i.tybn1_out_sleep_mode) for tybn1_out_sleep_mode
    ht32f5xxxx_01_it.o(i.EVWUP_IRQHandler) refers to ht32f5xxxx_exti.o(i.EXTI_WakeupEventIntConfig) for EXTI_WakeupEventIntConfig
    ht32f5xxxx_01_it.o(i.EVWUP_IRQHandler) refers to ht32f5xxxx_exti.o(i.EXTI_ClearWakeupFlag) for EXTI_ClearWakeupFlag
    ht32f5xxxx_01_it.o(i.EVWUP_IRQHandler) refers to ht32f5xxxx_01_it.o(.data) for .data
    ht32f5xxxx_01_it.o(i.EVWUP_IRQHandler) refers to low_power_iniit.o(.data) for low_power_event_flag
    ht32f5xxxx_01_it.o(i.EXTI0_1_IRQHandler) refers to ht32f5xxxx_01_it.o(i.WAKEUP_Button_Process) for WAKEUP_Button_Process
    ht32f5xxxx_01_it.o(i.EXTI2_3_IRQHandler) refers to ht32f5xxxx_01_it.o(i.WAKEUP_Button_Process) for WAKEUP_Button_Process
    ht32f5xxxx_01_it.o(i.EXTI4_15_IRQHandler) refers to ht32f5xxxx_01_it.o(i.WAKEUP_Button_Process) for WAKEUP_Button_Process
    ht32f5xxxx_01_it.o(i.GPTM0_IRQHandler) refers to ht32f5xxxx_tm.o(i.TM_ClearFlag) for TM_ClearFlag
    ht32f5xxxx_01_it.o(i.GPTM0_IRQHandler) refers to ht32f5xxxx_01_it.o(.data) for .data
[...]
    i.EXTI_WakeupEventConfig                 0x00001ba0   Section        0  ht32f5xxxx_exti.o(i.EXTI_WakeupEventConfig)
    i.EXTI_WakeupEventIntConfig              0x00001bcc   Section        0  ht32f5xxxx_exti.o(i.EXTI_WakeupEventIntConfig)
    i.Exit_Init                              0x00001be8   Section        0  low_power_iniit.o(i.Exit_Init)
    i.FLASH_ErasePage                        0x00001d50   Section        0  ht32f5xxxx_flash.o(i.FLASH_ErasePage)
    i.FLASH_GetOptionByteStatus              0x00001d68   Section        0  ht32f5xxxx_flash.o(i.FLASH_GetOptionByteStatus)
    i.FLASH_ProgramWordData                  0x00001d98   Section        0  ht32f5xxxx_flash.o(i.FLASH_ProgramWordData)
    i.FLASH_WaitForOperationEnd              0x00001db4   Section        0  ht32f5xxxx_flash.o(i.FLASH_WaitForOperationEnd)
    i.GPIO_DirectionConfig                   0x00001e04   Section        0  ht32f5xxxx_gpio.o(i.GPIO_DirectionConfig)
    i.GPIO_DriveConfig                       0x00001e14   Section        0  ht32f5xxxx_gpio.o(i.GPIO_DriveConfig)
    i.GPIO_InputConfig                       0x00001e44   Section        0  ht32f5xxxx_gpio.o(i.GPIO_InputConfig)
    i.GPIO_PullResistorConfig                0x00001e54   Section        0  ht32f5xxxx_gpio.o(i.GPIO_PullResistorConfig)
    i.GPIO_ReadInBit                         0x00001e7e   Section        0  ht32f5xxxx_gpio.o(i.GPIO_ReadInBit)
    i.GPIO_WriteOutBits                      0x00001e88   Section        0  ht32f5xxxx_gpio.o(i.GPIO_WriteOutBits)
    i.GPTM0_IRQHandler                       0x00001e94   Section        0  ht32f5xxxx_01_it.o(i.GPTM0_IRQHandler)
    i.HardFault_Handler                      0x00001f00   Section        0  ht32f5xxxx_01_it.o(i.HardFault_Handler)
    i.MCTM_CHMOECmd                          0x00001f10   Section        0  ht32f5xxxx_mctm.o(i.MCTM_CHMOECmd)
    i.NMI_Handler                            0x00001f22   Section        0  ht32f5xxxx_01_it.o(i.NMI_Handler)
    i.NVIC_EnableIRQ                         0x00001f24   Section        0  low_power_iniit.o(i.NVIC_EnableIRQ)
    NVIC_EnableIRQ                           0x00001f25   Thumb Code    14  low_power_iniit.o(i.NVIC_EnableIRQ)
    i.NVIC_SetVectorTable                    0x00001f38   Section        0  ht32_cm0plus_misc.o(i.NVIC_SetVectorTable)
    i.PB2_PWM_INIT                           0x00001f4c   Section        0  motor_init.o(i.PB2_PWM_INIT)
    i.PB3_PWM_INIT                           0x00001fd0   Section        0  motor_init.o(i.PB3_PWM_INIT)
    i.PWRCU_DeInit                           0x00002058   Section        0  ht32f5xxxx_pwrcu.o(i.PWRCU_DeInit)
    i.PWRCU_DeepSleep1                       0x00002074   Section        0  ht32f5xxxx_pwrcu.o(i.PWRCU_DeepSleep1)
    i.PendSV_Handler                         0x000020d0   Section        0  ht32f5xxxx_01_it.o(i.PendSV_Handler)
    i.Queue_Read_Byte                        0x000020d4   Section        0  system.o(i.Queue_Read_Byte)
    i.RSTCU_PeripReset                       0x00002100   Section        0  ht32f5xxxx_rstcu.o(i.RSTCU_PeripReset)
    i.RTC_CMPCLRCmd                          0x00002128   Section        0  ht32f5xxxx_rtc.o(i.RTC_CMPCLRCmd)
    i.RTC_ClockSourceConfig                  0x00002140   Section        0  ht32f5xxxx_rtc.o(i.RTC_ClockSourceConfig)
    i.RTC_GetCounter                         0x00002154   Section        0  ht32f5xxxx_rtc.o(i.RTC_GetCounter)
    i.RTC_GetFlagStatus                      0x00002160   Section        0  ht32f5xxxx_rtc.o(i.RTC_GetFlagStatus)
    i.RTC_IRQHandler                         0x0000216c   Section        0  ht32f5xxxx_01_it.o(i.RTC_IRQHandler)
    i.RTC_IntConfig                          0x00002190   Section        0  ht32f5xxxx_rtc.o(i.RTC_IntConfig)
    i.RTC_LSECmd                             0x000021a8   Section        0  ht32f5xxxx_rtc.o(i.RTC_LSECmd)
    i.RTC_LSESMConfig                        0x000021d4   Section        0  ht32f5xxxx_rtc.o(i.RTC_LSESMConfig)
    i.RTC_SetPrescaler                       0x000021e8   Section        0  ht32f5xxxx_rtc.o(i.RTC_SetPrescaler)
    i.SVC_Handler                            0x000021fc   Section        0  ht32f5xxxx_01_it.o(i.SVC_Handler)
    i.SYSTICK_ClockSourceConfig              0x00002200   Section        0  ht32_cm0plus_misc.o(i.SYSTICK_ClockSourceConfig)
    i.SYSTICK_CounterCmd                     0x00002218   Section        0  ht32_cm0plus_misc.o(i.SYSTICK_CounterCmd)
    i.SYSTICK_IntConfig                      0x0000223c   Section        0  ht32_cm0plus_misc.o(i.SYSTICK_IntConfig)
    i.SYSTICK_SetReloadValue                 0x00002254   Section        0  ht32_cm0plus_misc.o(i.SYSTICK_SetReloadValue)
    i.SysTick_Handler                        0x00002260   Section        0  ht32f5xxxx_01_it.o(i.SysTick_Handler)
    i.SystemInit                             0x00002268   Section        0  system_ht32f5xxxx_02.o(i.SystemInit)
    i.TM_ClearFlag                           0x0000235c   Section        0  ht32f5xxxx_tm.o(i.TM_ClearFlag)
    i.TM_Cmd                                 0x00002366   Section        0  ht32f5xxxx_tm.o(i.TM_Cmd)
    i.TM_IntConfig                           0x0000237a   Section        0  ht32f5xxxx_tm.o(i.TM_IntConfig)
    i.TM_OutputInit                          0x0000238c   Section        0  ht32f5xxxx_tm.o(i.TM_OutputInit)
    i.TM_TimeBaseInit                        0x0000242c   Section        0  ht32f5xxxx_tm.o(i.TM_TimeBaseInit)
    i.UART0_IRQHandler                       0x0000246c   Section        0  ht32f5xxxx_01_it.o(i.UART0_IRQHandler)
    i.UART1_IRQHandler                       0x00002494   Section        0  ht32f5xxxx_01_it.o(i.UART1_IRQHandler)
    i.USART0_IRQHandler                      0x00002498   Section        0  ht32f5xxxx_01_it.o(i.USART0_IRQHandler)
    i.USART_ClearFlag                        0x000024c8   Section        0  ht32f5xxxx_usart.o(i.USART_ClearFlag)
    i.USART_GetFlagStatus                    0x000024d0   Section        0  ht32f5xxxx_usart.o(i.USART_GetFlagStatus)
    i.USART_Init                             0x000024dc   Section        0  ht32f5xxxx_usart.o(i.USART_Init)
    i.USART_IntConfig                        0x00002548   Section        0  ht32f5xxxx_usart.o(i.USART_IntConfig)
    i.USART_SendData                         0x00002558   Section        0  ht32f5xxxx_usart.o(i.USART_SendData)
    i.USART_TxRxCmd                          0x0000255c   Section        0  ht32f5xxxx_usart.o(i.USART_TxRxCmd)
    i.WAKEUP_Button_Process                  0x00002570   Section        0  ht32f5xxxx_01_it.o(i.WAKEUP_Button_Process)
    WAKEUP_Button_Process                    0x00002571   Thumb Code   108  ht32f5xxxx_01_it.o(i.WAKEUP_Button_Process)
    i.__0printf$bare                         0x000025e0   Section        0  printfb.o(i.__0printf$bare)
    i.__ARM_clz                              0x000025f4   Section        0  depilogue.o(i.__ARM_clz)
    i.__ARM_common_switch8                   0x00002622   Section        0  ht32f5xxxx_ckcu.o(i.__ARM_common_switch8)
    i.__scatterload_copy                     0x0000263c   Section       14  handlers.o(i.__scatterload_copy)
    i.__scatterload_null                     0x0000264a   Section        2  handlers.o(i.__scatterload_null)
    i.__scatterload_zeroinit                 0x0000264c   Section       14  handlers.o(i.__scatterload_zeroinit)
    i._printf_core                           0x0000265a   Section        0  printfb.o(i._printf_core)
    _printf_core                             0x0000265b   Thumb Code    30  printfb.o(i._printf_core)
    i.adc_init                               0x00002678   Section        0  adc_init.o(i.adc_init)
    i.all_data_update                        0x000026c4   Section        0  protocol.o(i.all_data_update)
    i.all_data_update_fun                    0x000026cc   Section        0  mcu_transplant.o(i.all_data_update_fun)
    i.bftm_onfiguration                      0x000026d0   Section        0  bftm_init.o(i.bftm_onfiguration)
    i.bt_close_timer_result                  0x00002734   Section        0  protocol.o(i.bt_close_timer_result)
    i.bt_disconnect_result                   0x00002736   Section        0  protocol.o(i.bt_disconnect_result)
    i.bt_enable_lowpoer_result               0x00002738   Section        0  protocol.o(i.bt_enable_lowpoer_result)
    i.bt_factor_reset_notify                 0x0000273a   Section        0  protocol.o(i.bt_factor_reset_notify)
    i.bt_modify_adv_interval_result          0x0000273c   Section        0  protocol.o(i.bt_modify_adv_interval_result)
    i.bt_protocol_init                       0x00002740   Section        0  mcu_api.o(i.bt_protocol_init)
    i.bt_rf_test_result                      0x00002768   Section        0  protocol.o(i.bt_rf_test_result)
    i.bt_send_mcu_ver                        0x0000276c   Section        0  protocol.o(i.bt_send_mcu_ver)
    i.bt_send_one_time_password_token_result 0x00002790   Section        0  protocol.o(i.bt_send_one_time_password_token_result)
    i.bt_send_recordable_dp_data_result      0x00002792   Section        0  protocol.o(i.bt_send_recordable_dp_data_result)
    i.bt_time_sync_result                    0x00002794   Section        0  protocol.o(i.bt_time_sync_result)
    i.bt_uart_service                        0x00002798   Section        0  mcu_api.o(i.bt_uart_service)
    i.bt_uart_write_frame                    0x000027e8   Section        0  system.o(i.bt_uart_write_frame)
    i.byte_to_int                            0x00002834   Section        0  mcu_api.o(i.byte_to_int)
    i.calibration_test                       0x0000284c   Section        0  tst_function.o(i.calibration_test)
    i.check_motor_current                    0x000029f4   Section        0  adc_init.o(i.check_motor_current)
    i.clock_config                           0x00002ad0   Section        0  motor_init.o(i.clock_config)
    i.close_curtain                          0x00002ae8   Section        0  motor_init.o(i.close_curtain)
    i.crc32_compute                          0x00002b2c   Section        0  mcu_ota_handler.o(i.crc32_compute)
    crc32_compute                            0x00002b2d   Thumb Code    56  mcu_ota_handler.o(i.crc32_compute)
    i.data_handle                            0x00002b68   Section        0  system.o(i.data_handle)
    i.delay1s                                0x00002e48   Section        0  mcu_ota_handler.o(i.delay1s)
    i.dp_download_handle                     0x00002e60   Section        0  protocol.o(i.dp_download_handle)
    i.dp_download_percent_control_handle     0x00002fdc   Section        0  protocol.o(i.dp_download_percent_control_handle)
    dp_download_percent_control_handle       0x00002fdd   Thumb Code   222  protocol.o(i.dp_download_percent_control_handle)
    i.file_crc_check_in_flash                0x000030cc   Section        0  mcu_ota_handler.o(i.file_crc_check_in_flash)
    file_crc_check_in_flash                  0x000030cd   Thumb Code   102  mcu_ota_handler.o(i.file_crc_check_in_flash)
    i.fputc                                  0x00003138   Section        0  main_callfun.o(i.fputc)
    i.full_running_time_0A_pack              0x0000315c   Section        0  tybn1_init.o(i.full_running_time_0A_pack)
    i.get_check_sum                          0x000031d4   Section        0  tybn1_init.o(i.get_check_sum)
    i.get_check_sums                         0x000031f0   Section        0  system.o(i.get_check_sums)
    i.get_download_cmd_total                 0x0000320c   Section        0  protocol.o(i.get_download_cmd_total)
    i.get_mcu_bt_mode                        0x00003210   Section        0  system.o(i.get_mcu_bt_mode)
    i.get_queue_total_data                   0x0000321c   Section        0  system.o(i.get_queue_total_data)
    i.gpio_init                              0x00003234   Section        0  gpio_init.o(i.gpio_init)
    i.gptm0_onfiguration                     0x00003358   Section        0  gptm0_init.o(i.gptm0_onfiguration)
    i.heat_beat_check                        0x000033c0   Section        0  system.o(i.heat_beat_check)
    i.key_init                               0x000033f0   Section        0  gpio_init.o(i.key_init)
    i.low_power_init                         0x000034f4   Section        0  low_power_iniit.o(i.low_power_init)
    i.main                                   0x000034fc   Section        0  main.o(i.main)
    i.mcu_common_uart_data_unpack            0x000036cc   Section        0  mcu_api.o(i.mcu_common_uart_data_unpack)
    mcu_common_uart_data_unpack              0x000036cd   Thumb Code   248  mcu_api.o(i.mcu_common_uart_data_unpack)
    i.mcu_device_delay_restart               0x000037cc   Section        0  mcu_ota_handler.o(i.mcu_device_delay_restart)
    i.mcu_dp_enum_update                     0x000037e8   Section        0  mcu_api.o(i.mcu_dp_enum_update)
    i.mcu_dp_string_update                   0x00003828   Section        0  mcu_api.o(i.mcu_dp_string_update)
    i.mcu_dp_value_update                    0x0000386c   Section        0  mcu_api.o(i.mcu_dp_value_update)
    i.mcu_flash_erase                        0x000038c0   Section        0  mcu_ota_handler.o(i.mcu_flash_erase)
    i.mcu_flash_read                         0x000038da   Section        0  mcu_ota_handler.o(i.mcu_flash_read)
    i.mcu_flash_write                        0x0000390c   Section        0  mcu_ota_handler.o(i.mcu_flash_write)
    i.mcu_get_dp_download_enum               0x00003954   Section        0  mcu_api.o(i.mcu_get_dp_download_enum)
    i.mcu_get_dp_download_value              0x00003958   Section        0  mcu_api.o(i.mcu_get_dp_download_value)
    i.mcu_ota_data_req                       0x00003960   Section        0  mcu_ota_handler.o(i.mcu_ota_data_req)
    mcu_ota_data_req                         0x00003961   Thumb Code   310  mcu_ota_handler.o(i.mcu_ota_data_req)
    i.mcu_ota_file_info_req                  0x00003ac0   Section        0  mcu_ota_handler.o(i.mcu_ota_file_info_req)
    mcu_ota_file_info_req                    0x00003ac1   Thumb Code   382  mcu_ota_handler.o(i.mcu_ota_file_info_req)
    i.mcu_ota_init                           0x00003c5c   Section        0  mcu_ota_handler.o(i.mcu_ota_init)
    i.mcu_ota_init_disconnect                0x00003c70   Section        0  mcu_ota_handler.o(i.mcu_ota_init_disconnect)
    i.mcu_ota_offset_req                     0x00003c9c   Section        0  mcu_ota_handler.o(i.mcu_ota_offset_req)
    mcu_ota_offset_req                       0x00003c9d   Thumb Code   106  mcu_ota_handler.o(i.mcu_ota_offset_req)
    i.mcu_ota_proc                           0x00003d10   Section        0  mcu_ota_handler.o(i.mcu_ota_proc)
    i.motor_current_test                     0x00003d84   Section        0  tst_function.o(i.motor_current_test)
    i.motor_pwr                              0x00003dc4   Section        0  motor_init.o(i.motor_pwr)
    i.motor_stop                             0x00003df8   Section        0  motor_init.o(i.motor_stop)
    i.motor_turn                             0x00003e14   Section        0  tst_function.o(i.motor_turn)
    i.ms_delay_systick                       0x00003edc   Section        0  systick_init.o(i.ms_delay_systick)
    i.my_atoll                               0x00003f08   Section        0  mcu_api.o(i.my_atoll)
    i.my_memcmp                              0x00003f88   Section        0  mcu_api.o(i.my_memcmp)
    i.my_memcpy                              0x00003faa   Section        0  mcu_api.o(i.my_memcpy)
    i.my_memset                              0x00003fea   Section        0  mcu_api.o(i.my_memset)
    i.my_strlen                              0x00004002   Section        0  mcu_api.o(i.my_strlen)
    i.on_data_write_request_sched            0x00004018   Section        0  mcu_ota_handler.o(i.on_data_write_request_sched)
    on_data_write_request_sched              0x00004019   Thumb Code   196  mcu_ota_handler.o(i.on_data_write_request_sched)
    i.open_curtain                           0x000040e8   Section        0  motor_init.o(i.open_curtain)
    i.product_info_update                    0x0000412c   Section        0  system.o(i.product_info_update)
    i.rtc_init                               0x00004170   Section        0  rtc_init.o(i.rtc_init)
    i.set_bt_uart_buffer                     0x000041b4   Section        0  system.o(i.set_bt_uart_buffer)
    i.set_bt_uart_byte                       0x000041d0   Section        0  system.o(i.set_bt_uart_byte)
    i.stop_fun                               0x000041e0   Section        0  tst_function.o(i.stop_fun)
    i.systick_init                           0x00004254   Section        0  systick_init.o(i.systick_init)
    i.timing_delay                           0x0000427c   Section        0  systick_init.o(i.timing_delay)
    i.tybn1_join_sleep_mode                  0x00004290   Section        0  tybn1_init.o(i.tybn1_join_sleep_mode)
    i.tybn1_out_sleep_mode                   0x000042ac   Section        0  tybn1_init.o(i.tybn1_out_sleep_mode)
    i.uart0_init                             0x000042c0   Section        0  uart0_init.o(i.uart0_init)
    i.uart0_send                             0x00004334   Section        0  uart0_init.o(i.uart0_send)
    i.uart_receive_input                     0x00004364   Section        0  mcu_api.o(i.uart_receive_input)
    i.uart_transmit_output                   0x000043a8   Section        0  protocol.o(i.uart_transmit_output)
    i.uart_transmit_output_fun               0x000043b0   Section        0  mcu_transplant.o(i.uart_transmit_output_fun)
    i.update_battery_value                   0x000043ec   Section        0  tst_function.o(i.update_battery_value)
    i.update_motor_current                   0x0000443c   Section        0  tst_function.o(i.update_motor_current)
    i.update_protect_current                 0x0000448c   Section        0  tst_function.o(i.update_protect_current)
    i.usart0_init                            0x000044dc   Section        0  usart0_init.o(i.usart0_init)
    i.usart0_send                            0x0000454c   Section        0  usart0_init.o(i.usart0_send)
    i.usart_fun                              0x00004578   Section        0  mcu_ota_handler.o(i.usart_fun)
    i.version_fun                            0x00004598   Section        0  main.o(i.version_fun)
    .constdata                               0x000045a8   Section       30  protocol.o(.constdata)
    .constdata                               0x000045c8   Section       14  system.o(.constdata)
    .constdata                               0x000045d6   Section       64  ctype_c.o(.constdata)
    .data                                    0x20000010   Section        3  main.o(.data)
    .data                                    0x20000014   Section       20  ht32f5xxxx_01_it.o(.data)
    gIsContinue                              0x20000024   Data           4  ht32f5xxxx_01_it.o(.data)
    .data                                    0x20000028   Section        4  system_ht32f5xxxx_02.o(.data)
    .data                                    0x2000002c   Section        4  ht32_retarget.o(.data)
    .data                                    0x20000030   Section       11  mcu_api.o(.data)
    current_uart_rev_state_type              0x20000030   Data           1  mcu_api.o(.data)
    uart_data_len                            0x20000032   Data           2  mcu_api.o(.data)
    UART_RX_Count                            0x20000034   Data           2  mcu_api.o(.data)
    rx_in                                    0x20000036   Data           2  mcu_api.o(.data)
    bt_uart_rx_buf_temp                      0x20000038   Data           3  mcu_api.o(.data)
    .data                                    0x2000003c   Section       16  mcu_ota_handler.o(.data)
    tuya_ota_status                          0x2000003c   Data           1  mcu_ota_handler.o(.data)
    current_package                          0x2000003e   Data           2  mcu_ota_handler.o(.data)
    last_package                             0x20000040   Data           2  mcu_ota_handler.o(.data)
    m_firmware_start_addr                    0x20000044   Data           4  mcu_ota_handler.o(.data)
    m_firmware_size_req                      0x20000048   Data           4  mcu_ota_handler.o(.data)
    .data                                    0x2000004c   Section       12  system.o(.data)
    mcu_reset_state                          0x2000004c   Data           1  system.o(.data)
    .data                                    0x20000058   Section        1  system.o(.data)
    .data                                    0x20000059   Section        2  tybn1_init.o(.data)
    .data                                    0x2000005c   Section        4  bftm_init.o(.data)
    .data                                    0x20000060   Section        1  bftm_init.o(.data)
    .data                                    0x20000061   Section        1  bftm_init.o(.data)
    .data                                    0x20000062   Section        1  bftm_init.o(.data)
    .data                                    0x20000064   Section        4  low_power_iniit.o(.data)
    .data                                    0x20000068   Section        4  motor_init.o(.data)
    .data                                    0x2000006c   Section        4  rtc_init.o(.data)
    .data                                    0x20000070   Section        4  rtc_init.o(.data)
    .data                                    0x20000074   Section        8  service_logic_manage.o(.data)
    .data                                    0x2000007c   Section        8  service_logic_manage.o(.data)
    .data                                    0x20000084   Section        4  systick_init.o(.data)
    delay_time                               0x20000084   Data           4  systick_init.o(.data)
    .data                                    0x20000088   Section        6  tst_function.o(.data)
    .data                                    0x2000008e   Section        1  usart0_init.o(.data)
    .bss                                     0x20000090   Section      576  mcu_ota_handler.o(.bss)
    buf                                      0x20000090   Data         200  mcu_ota_handler.o(.bss)
    s_dfu_settings                           0x20000158   Data         376  mcu_ota_handler.o(.bss)
    .bss                                     0x200002d0   Section     1301  system.o(.bss)
    .bss                                     0x200007e5   Section      100  tybn1_init.o(.bss)
    .bss                                     0x2000084a   Section      400  adc_init.o(.bss)
    .bss                                     0x200009dc   Section       20  low_power_iniit.o(.bss)
    .bss                                     0x200009f0   Section      100  uart0_init.o(.bss)
    .bss                                     0x20000a54   Section      100  usart0_init.o(.bss)
    STACK                                    0x20000ab8   Section      512  startup_ht32f5xxxx_01.o(STACK)

    Global Symbols

    Symbol Name                              Value     Ov Type        Size  Object(Section)

    BuildAttributes$$THM_ISAv3M$S$PE$A:L22$X:L11$S22$IEEE1$IW$USESV6$~STKCKD$USESV7$~SHL$OTIME$ROPI$EBA8$MICROLIB$REQ8$PRES8$EABIv2 0x00000000   Number         0  anon$$obj.o ABSOLUTE
    __ARM_use_no_argv                        0x00000000   Number         0  main.o ABSOLUTE
    __use_no_errno                           0x00000000   Number         0  useno.o ABSOLUTE
    __use_no_exception_handling              0x00000000   Number         0  useno.o ABSOLUTE
    __use_no_fp                              0x00000000   Number         0  useno.o ABSOLUTE
    __use_no_heap                            0x00000000   Number         0  useno.o ABSOLUTE
    __use_no_heap_region                     0x00000000   Number         0  useno.o ABSOLUTE
    __use_no_semihosting                     0x00000000   Number         0  useno.o ABSOLUTE
    __use_no_semihosting_swi                 0x00000000   Number         0  useno.o ABSOLUTE
    __use_no_signal_handling                 0x00000000   Number         0  useno.o ABSOLUTE
    __cpp_initialize__aeabi_                  - Undefined Weak Reference
    __cxa_finalize                            - Undefined Weak Reference
    __decompress                              - Undefined Weak Reference
    _clock_init                               - Undefined Weak Reference
    _microlib_exit                            - Undefined Weak Reference
    __Vectors                                0x00001000   Data           0  startup_ht32f5xxxx_01.o(RESET)
    Reset_Handler                            0x000010ad   Thumb Code    12  startup_ht32f5xxxx_01.o(RESET)
    AES_IRQHandler                           0x00001121   Thumb Code     0  startup_ht32f5xxxx_01.o(RESET)
    BFTM1_IRQHandler                         0x00001121   Thumb Code     0  startup_ht32f5xxxx_01.o(RESET)
    COMP_IRQHandler                          0x00001121   Thumb Code     0  startup_ht32f5xxxx_01.o(RESET)
    FLASH_IRQHandler                         0x00001121   Thumb Code     0  startup_ht32f5xxxx_01.o(RESET)
    GPTM1_IRQHandler                         0x00001121   Thumb Code     0  startup_ht32f5xxxx_01.o(RESET)
    I2C0_IRQHandler                          0x00001121   Thumb Code     0  startup_ht32f5xxxx_01.o(RESET)
    I2C1_IRQHandler                          0x00001121   Thumb Code     0  startup_ht32f5xxxx_01.o(RESET)
    I2C2_IRQHandler                          0x00001121   Thumb Code     0  startup_ht32f5xxxx_01.o(RESET)
    I2S_IRQHandler                           0x00001121   Thumb Code     0  startup_ht32f5xxxx_01.o(RESET)
    LVD_BOD_IRQHandler                       0x00001121   Thumb Code     0  startup_ht32f5xxxx_01.o(RESET)
    MCTM0_IRQHandler                         0x00001121   Thumb Code     0  startup_ht32f5xxxx_01.o(RESET)
    MIDI_IRQHandler                          0x00001121   Thumb Code     0  startup_ht32f5xxxx_01.o(RESET)
    PDMA_CH0_1_IRQHandler                    0x00001121   Thumb Code     0  startup_ht32f5xxxx_01.o(RESET)
    PDMA_CH2_5_IRQHandler                    0x00001121   Thumb Code     0  startup_ht32f5xxxx_01.o(RESET)
    PWM0_IRQHandler                          0x00001121   Thumb Code     0  startup_ht32f5xxxx_01.o(RESET)
    PWM1_IRQHandler                          0x00001121   Thumb Code     0  startup_ht32f5xxxx_01.o(RESET)
    QSPI_IRQHandler                          0x00001121   Thumb Code     0  startup_ht32f5xxxx_01.o(RESET)
    SCI_IRQHandler                           0x00001121   Thumb Code     0  startup_ht32f5xxxx_01.o(RESET)
    SCTM0_IRQHandler                         0x00001121   Thumb Code     0  startup_ht32f5xxxx_01.o(RESET)
    SCTM1_IRQHandler                         0x00001121   Thumb Code     0  startup_ht32f5xxxx_01.o(RESET)
    SCTM2_IRQHandler                         0x00001121   Thumb Code     0  startup_ht32f5xxxx_01.o(RESET)
    SCTM3_IRQHandler                         0x00001121   Thumb Code     0  startup_ht32f5xxxx_01.o(RESET)
    SPI0_IRQHandler                          0x00001121   Thumb Code     0  startup_ht32f5xxxx_01.o(RESET)
    SPI1_IRQHandler                          0x00001121   Thumb Code     0  startup_ht32f5xxxx_01.o(RESET)
    UART2_IRQHandler                         0x00001121   Thumb Code     0  startup_ht32f5xxxx_01.o(RESET)
    UART3_IRQHandler                         0x00001121   Thumb Code     0  startup_ht32f5xxxx_01.o(RESET)
    USART1_IRQHandler                        0x00001121   Thumb Code     0  startup_ht32f5xxxx_01.o(RESET)
    USB_IRQHandler                           0x00001121   Thumb Code     0  startup_ht32f5xxxx_01.o(RESET)
    __main                                   0x00001151   Thumb Code     0  entry.o(.ARM.Collect$$$$00000000)
    _main_stk                                0x00001151   Thumb Code     0  entry2.o(.ARM.Collect$$$$00000001)
    _main_scatterload                        0x00001155   Thumb Code     0  entry5.o(.ARM.Collect$$$$00000004)
    __main_after_scatterload                 0x00001159   Thumb Code     0  entry5.o(.ARM.Collect$$$$00000004)
    _main_clock                              0x00001159   Thumb Code     0  entry7b.o(.ARM.Collect$$$$00000008)
    _main_cpp_init                           0x00001159   Thumb Code     0  entry8b.o(.ARM.Collect$$$$0000000A)
    _main_init                               0x00001159   Thumb Code     0  entry9a.o(.ARM.Collect$$$$0000000B)
    __rt_final_cpp                           0x00001161   Thumb Code     0  entry10a.o(.ARM.Collect$$$$0000000D)
    __rt_final_exit                          0x00001161   Thumb Code     0  entry11a.o(.ARM.Collect$$$$0000000F)
    __aeabi_uidiv                            0x00001165   Thumb Code     0  uidiv.o(.text)
    __aeabi_uidivmod                         0x00001165   Thumb Code    44  uidiv.o(.text)
    __aeabi_idiv                             0x00001191   Thumb Code     0  idiv.o(.text)
    __aeabi_idivmod                          0x00001191   Thumb Code    40  idiv.o(.text)
    __aeabi_lmul                             0x000011b9   Thumb Code   122  llmul.o(.text)
    _ll_mul                                  0x000011b9   Thumb Code     0  llmul.o(.text)
    isdigit                                  0x00001233   Thumb Code    12  isdigit_c.o(.text)
    isspace                                  0x0000123f   Thumb Code    14  isspace_c.o(.text)
    __aeabi_memcpy                           0x0000124d   Thumb Code    36  memcpya.o(.text)
    __aeabi_memcpy4                          0x0000124d   Thumb Code     0  memcpya.o(.text)
    __aeabi_memcpy8                          0x0000124d   Thumb Code     0  memcpya.o(.text)
    __aeabi_memset                           0x00001271   Thumb Code    14  memseta.o(.text)
    __aeabi_memset4                          0x00001271   Thumb Code     0  memseta.o(.text)
    __aeabi_memset8                          0x00001271   Thumb Code     0  memseta.o(.text)
    __aeabi_memclr                           0x0000127f   Thumb Code     4  memseta.o(.text)
    __aeabi_memclr4                          0x0000127f   Thumb Code     0  memseta.o(.text)
    __aeabi_memclr8                          0x0000127f   Thumb Code     0  memseta.o(.text)
    _memset$wrapper                          0x00001283   Thumb Code    18  memseta.o(.text)
    memcmp                                   0x00001295   Thumb Code    26  memcmp.o(.text)
    __aeabi_uread4                           0x000012af   Thumb Code    20  uread4.o(.text)
    __rt_uread4                              0x000012af   Thumb Code     0  uread4.o(.text)
    _uread4                                  0x000012af   Thumb Code     0  uread4.o(.text)
    __aeabi_fadd                             0x000012c3   Thumb Code   162  fadd.o(.text)
    __aeabi_fsub                             0x00001365   Thumb Code     8  fadd.o(.text)
    __aeabi_frsub                            0x0000136d   Thumb Code     8  fadd.o(.text)
    __aeabi_fmul                             0x00001375   Thumb Code   122  fmul.o(.text)
    __aeabi_fdiv                             0x000013ef   Thumb Code   124  fdiv.o(.text)
    __aeabi_dmul                             0x0000146d   Thumb Code   202  dmul.o(.text)
    __aeabi_ui2f                             0x0000153d   Thumb Code    14  ffltui.o(.text)
    __aeabi_f2uiz                            0x0000154b   Thumb Code    40  ffixui.o(.text)
    __aeabi_f2d                              0x00001573   Thumb Code    40  f2d.o(.text)
    __aeabi_d2f                              0x0000159b   Thumb Code    56  d2f.o(.text)
    __aeabi_cfcmpeq                          0x000015d5   Thumb Code     0  cfcmple.o(.text)
    __aeabi_cfcmple                          0x000015d5   Thumb Code    20  cfcmple.o(.text)
    __aeabi_llsl                             0x000015e9   Thumb Code    32  llshl.o(.text)
    _ll_shift_l                              0x000015e9   Thumb Code     0  llshl.o(.text)
    __ctype_lookup                           0x00001609   Thumb Code    32  ctype_c.o(.text)
    __I$use$fp                               0x0000162d   Thumb Code     0  iusefp.o(.text)
    _float_round                             0x0000162d   Thumb Code    16  fepilogue.o(.text)
    _float_epilogue                          0x0000163d   Thumb Code   114  fepilogue.o(.text)
    _double_round                            0x000016af   Thumb Code    26  depilogue.o(.text)
    _double_epilogue                         0x000016c9   Thumb Code   164  depilogue.o(.text)
    __scatterload                            0x0000176d   Thumb Code    28  init.o(.text)
    __scatterload_rt2                        0x0000176d   Thumb Code     0  init.o(.text)
    __aeabi_llsr                             0x00001791   Thumb Code    34  llushr.o(.text)
    _ll_ushift_r                             0x00001791   Thumb Code     0  llushr.o(.text)
    ADC_Cmd                                  0x000017b3   Thumb Code    18  ht32f5xxxx_adc.o(i.ADC_Cmd)
    ADC_IRQHandler                           0x000017c5   Thumb Code     2  ht32f5xxxx_01_it.o(i.ADC_IRQHandler)
    ADC_IntConfig                            0x000017c7   Thumb Code    18  ht32f5xxxx_adc.o(i.ADC_IntConfig)
    ADC_RegularChannelConfig                 0x000017d9   Thumb Code    28  ht32f5xxxx_adc.o(i.ADC_RegularChannelConfig)
    ADC_RegularGroupConfig                   0x000017f5   Thumb Code    26  ht32f5xxxx_adc.o(i.ADC_RegularGroupConfig)
    ADC_RegularTrigConfig                    0x0000180f   Thumb Code    14  ht32f5xxxx_adc.o(i.ADC_RegularTrigConfig)
    ADC_SoftwareStartConvCmd                 0x0000181d   Thumb Code    20  ht32f5xxxx_adc.o(i.ADC_SoftwareStartConvCmd)
    AFIO_EXTISourceConfig                    0x00001831   Thumb Code    38  ht32f5xxxx_gpio.o(i.AFIO_EXTISourceConfig)
    AFIO_GPxConfig                           0x0000185d   Thumb Code    82  ht32f5xxxx_gpio.o(i.AFIO_GPxConfig)
    BFTM0_IRQHandler                         0x000018b5   Thumb Code    68  ht32f5xxxx_01_it.o(i.BFTM0_IRQHandler)
    BFTM_ClearFlag                           0x00001911   Thumb Code    14  ht32f5xxxx_bftm.o(i.BFTM_ClearFlag)
    BFTM_EnaCmd                              0x0000191f   Thumb Code    18  ht32f5xxxx_bftm.o(i.BFTM_EnaCmd)
    BFTM_IntConfig                           0x00001931   Thumb Code    20  ht32f5xxxx_bftm.o(i.BFTM_IntConfig)
    BFTM_OneShotModeCmd                      0x00001945   Thumb Code    18  ht32f5xxxx_bftm.o(i.BFTM_OneShotModeCmd)
    BFTM_SetCompare                          0x00001957   Thumb Code     4  ht32f5xxxx_bftm.o(i.BFTM_SetCompare)
    BFTM_SetCounter                          0x0000195b   Thumb Code     4  ht32f5xxxx_bftm.o(i.BFTM_SetCounter)
    CKCU_GetClockReadyStatus                 0x00001961   Thumb Code    16  ht32f5xxxx_ckcu.o(i.CKCU_GetClockReadyStatus)
    CKCU_GetClocksFrequency                  0x00001975   Thumb Code    98  ht32f5xxxx_ckcu.o(i.CKCU_GetClocksFrequency)
    CKCU_GetPLLFrequency                     0x000019e1   Thumb Code    50  ht32f5xxxx_ckcu.o(i.CKCU_GetPLLFrequency)
    CKCU_GetPeripFrequency                   0x00001a1d   Thumb Code    48  ht32f5xxxx_ckcu.o(i.CKCU_GetPeripFrequency)
    CKCU_PeripClockConfig                    0x00001a51   Thumb Code    34  ht32f5xxxx_ckcu.o(i.CKCU_PeripClockConfig)
    EVWUP_IRQHandler                         0x00001a79   Thumb Code   126  ht32f5xxxx_01_it.o(i.EVWUP_IRQHandler)
    EXTI0_1_IRQHandler                       0x00001b01   Thumb Code     8  ht32f5xxxx_01_it.o(i.EXTI0_1_IRQHandler)
    EXTI2_3_IRQHandler                       0x00001b09   Thumb Code     8  ht32f5xxxx_01_it.o(i.EXTI2_3_IRQHandler)
    EXTI4_15_IRQHandler                      0x00001b11   Thumb Code     8  ht32f5xxxx_01_it.o(i.EXTI4_15_IRQHandler)
    EXTI_ClearEdgeFlag                       0x00001b19   Thumb Code    12  ht32f5xxxx_exti.o(i.EXTI_ClearEdgeFlag)
    EXTI_ClearWakeupFlag                     0x00001b29   Thumb Code    14  ht32f5xxxx_exti.o(i.EXTI_ClearWakeupFlag)
    EXTI_GetEdgeStatus                       0x00001b3d   Thumb Code    34  ht32f5xxxx_exti.o(i.EXTI_GetEdgeStatus)
    EXTI_Init                                0x00001b65   Thumb Code    26  ht32f5xxxx_exti.o(i.EXTI_Init)
    EXTI_IntConfig                           0x00001b85   Thumb Code    22  ht32f5xxxx_exti.o(i.EXTI_IntConfig)
    EXTI_WakeupEventConfig                   0x00001ba1   Thumb Code    40  ht32f5xxxx_exti.o(i.EXTI_WakeupEventConfig)
    EXTI_WakeupEventIntConfig                0x00001bcd   Thumb Code    24  ht32f5xxxx_exti.o(i.EXTI_WakeupEventIntConfig)
    Exit_Init                                0x00001be9   Thumb Code   346  low_power_iniit.o(i.Exit_Init)
    FLASH_ErasePage                          0x00001d51   Thumb Code    20  ht32f5xxxx_flash.o(i.FLASH_ErasePage)
    FLASH_GetOptionByteStatus                0x00001d69   Thumb Code    42  ht32f5xxxx_flash.o(i.FLASH_GetOptionByteStatus)
    FLASH_ProgramWordData                    0x00001d99   Thumb Code    22  ht32f5xxxx_flash.o(i.FLASH_ProgramWordData)
    FLASH_WaitForOperationEnd                0x00001db5   Thumb Code    70  ht32f5xxxx_flash.o(i.FLASH_WaitForOperationEnd)
    GPIO_DirectionConfig                     0x00001e05   Thumb Code    16  ht32f5xxxx_gpio.o(i.GPIO_DirectionConfig)
    GPIO_DriveConfig                         0x00001e15   Thumb Code    48  ht32f5xxxx_gpio.o(i.GPIO_DriveConfig)
    GPIO_InputConfig                         0x00001e45   Thumb Code    16  ht32f5xxxx_gpio.o(i.GPIO_InputConfig)
    GPIO_PullResistorConfig                  0x00001e55   Thumb Code    42  ht32f5xxxx_gpio.o(i.GPIO_PullResistorConfig)
    GPIO_ReadInBit                           0x00001e7f   Thumb Code    10  ht32f5xxxx_gpio.o(i.GPIO_ReadInBit)
    GPIO_WriteOutBits                        0x00001e89   Thumb Code    12  ht32f5xxxx_gpio.o(i.GPIO_WriteOutBits)
    GPTM0_IRQHandler                         0x00001e95   Thumb Code    92  ht32f5xxxx_01_it.o(i.GPTM0_IRQHandler)
    HardFault_Handler                        0x00001f01   Thumb Code    10  ht32f5xxxx_01_it.o(i.HardFault_Handler)
    MCTM_CHMOECmd                            0x00001f11   Thumb Code    18  ht32f5xxxx_mctm.o(i.MCTM_CHMOECmd)
    NMI_Handler                              0x00001f23   Thumb Code     2  ht32f5xxxx_01_it.o(i.NMI_Handler)
    NVIC_SetVectorTable                      0x00001f39   Thumb Code    12  ht32_cm0plus_misc.o(i.NVIC_SetVectorTable)
    PB2_PWM_INIT                             0x00001f4d   Thumb Code   122  motor_init.o(i.PB2_PWM_INIT)
    PB3_PWM_INIT                             0x00001fd1   Thumb Code   128  motor_init.o(i.PB3_PWM_INIT)
    PWRCU_DeInit                             0x00002059   Thumb Code    22  ht32f5xxxx_pwrcu.o(i.PWRCU_DeInit)
    PWRCU_DeepSleep1                         0x00002075   Thumb Code    78  ht32f5xxxx_pwrcu.o(i.PWRCU_DeepSleep1)
    PendSV_Handler                           0x000020d1   Thumb Code     2  ht32f5xxxx_01_it.o(i.PendSV_Handler)
    Queue_Read_Byte                          0x000020d5   Thumb Code    30  system.o(i.Queue_Read_Byte)
    RSTCU_PeripReset                         0x00002101   Thumb Code    34  ht32f5xxxx_rstcu.o(i.RSTCU_PeripReset)
    RTC_CMPCLRCmd                            0x00002129   Thumb Code    20  ht32f5xxxx_rtc.o(i.RTC_CMPCLRCmd)
    RTC_ClockSourceConfig                    0x00002141   Thumb Code    16  ht32f5xxxx_rtc.o(i.RTC_ClockSourceConfig)
    RTC_GetCounter                           0x00002155   Thumb Code     6  ht32f5xxxx_rtc.o(i.RTC_GetCounter)
    RTC_GetFlagStatus                        0x00002161   Thumb Code     8  ht32f5xxxx_rtc.o(i.RTC_GetFlagStatus)
    RTC_IRQHandler                           0x0000216d   Thumb Code    28  ht32f5xxxx_01_it.o(i.RTC_IRQHandler)
    RTC_IntConfig                            0x00002191   Thumb Code    18  ht32f5xxxx_rtc.o(i.RTC_IntConfig)
    RTC_LSECmd                               0x000021a9   Thumb Code    36  ht32f5xxxx_rtc.o(i.RTC_LSECmd)
    RTC_LSESMConfig                          0x000021d5   Thumb Code    16  ht32f5xxxx_rtc.o(i.RTC_LSESMConfig)
    RTC_SetPrescaler                         0x000021e9   Thumb Code    16  ht32f5xxxx_rtc.o(i.RTC_SetPrescaler)
    SVC_Handler                              0x000021fd   Thumb Code     2  ht32f5xxxx_01_it.o(i.SVC_Handler)
    SYSTICK_ClockSourceConfig                0x00002201   Thumb Code    20  ht32_cm0plus_misc.o(i.SYSTICK_ClockSourceConfig)
    SYSTICK_CounterCmd                       0x00002219   Thumb Code    32  ht32_cm0plus_misc.o(i.SYSTICK_CounterCmd)
    SYSTICK_IntConfig                        0x0000223d   Thumb Code    20  ht32_cm0plus_misc.o(i.SYSTICK_IntConfig)
    SYSTICK_SetReloadValue                   0x00002255   Thumb Code     6  ht32_cm0plus_misc.o(i.SYSTICK_SetReloadValue)
    SysTick_Handler                          0x00002261   Thumb Code     8  ht32f5xxxx_01_it.o(i.SysTick_Handler)
    SystemInit                               0x00002269   Thumb Code   224  system_ht32f5xxxx_02.o(i.SystemInit)
    TM_ClearFlag                             0x0000235d   Thumb Code    10  ht32f5xxxx_tm.o(i.TM_ClearFlag)
    TM_Cmd                                   0x00002367   Thumb Code    20  ht32f5xxxx_tm.o(i.TM_Cmd)
    TM_IntConfig                             0x0000237b   Thumb Code    16  ht32f5xxxx_tm.o(i.TM_IntConfig)
    TM_OutputInit                            0x0000238d   Thumb Code   156  ht32f5xxxx_tm.o(i.TM_OutputInit)
    TM_TimeBaseInit                          0x0000242d   Thumb Code    58  ht32f5xxxx_tm.o(i.TM_TimeBaseInit)
    UART0_IRQHandler                         0x0000246d   Thumb Code    34  ht32f5xxxx_01_it.o(i.UART0_IRQHandler)
    UART1_IRQHandler                         0x00002495   Thumb Code     2  ht32f5xxxx_01_it.o(i.UART1_IRQHandler)
    USART0_IRQHandler                        0x00002499   Thumb Code    40  ht32f5xxxx_01_it.o(i.USART0_IRQHandler)
    USART_ClearFlag                          0x000024c9   Thumb Code     8  ht32f5xxxx_usart.o(i.USART_ClearFlag)
    USART_GetFlagStatus                      0x000024d1   Thumb Code    10  ht32f5xxxx_usart.o(i.USART_GetFlagStatus)
    USART_Init                               0x000024dd   Thumb Code    94  ht32f5xxxx_usart.o(i.USART_Init)
    USART_IntConfig                          0x00002549   Thumb Code    16  ht32f5xxxx_usart.o(i.USART_IntConfig)
    USART_SendData                           0x00002559   Thumb Code     4  ht32f5xxxx_usart.o(i.USART_SendData)
    USART_TxRxCmd                            0x0000255d   Thumb Code    20  ht32f5xxxx_usart.o(i.USART_TxRxCmd)
    __0printf$bare                           0x000025e1   Thumb Code    12  printfb.o(i.__0printf$bare)
    __1printf$bare                           0x000025e1   Thumb Code     0  printfb.o(i.__0printf$bare)
    __2printf                                0x000025e1   Thumb Code     0  printfb.o(i.__0printf$bare)
    __ARM_clz                                0x000025f5   Thumb Code    46  depilogue.o(i.__ARM_clz)
    __ARM_common_switch8                     0x00002623   Thumb Code    26  ht32f5xxxx_ckcu.o(i.__ARM_common_switch8)
    __scatterload_copy                       0x0000263d   Thumb Code    14  handlers.o(i.__scatterload_copy)
    __scatterload_null                       0x0000264b   Thumb Code     2  handlers.o(i.__scatterload_null)
    __scatterload_zeroinit                   0x0000264d   Thumb Code    14  handlers.o(i.__scatterload_zeroinit)
    adc_init                                 0x00002679   Thumb Code    72  adc_init.o(i.adc_init)
    all_data_update                          0x000026c5   Thumb Code     8  protocol.o(i.all_data_update)
    all_data_update_fun                      0x000026cd   Thumb Code     2  mcu_transplant.o(i.all_data_update_fun)
    bftm_onfiguration                        0x000026d1   Thumb Code    84  bftm_init.o(i.bftm_onfiguration)
    bt_close_timer_result                    0x00002735   Thumb Code     2  protocol.o(i.bt_close_timer_result)
    bt_disconnect_result                     0x00002737   Thumb Code     2  protocol.o(i.bt_disconnect_result)
    bt_enable_lowpoer_result                 0x00002739   Thumb Code     2  protocol.o(i.bt_enable_lowpoer_result)
    bt_factor_reset_notify                   0x0000273b   Thumb Code     2  protocol.o(i.bt_factor_reset_notify)
    bt_modify_adv_interval_result            0x0000273d   Thumb Code     2  protocol.o(i.bt_modify_adv_interval_result)
    bt_protocol_init                         0x00002741   Thumb Code    24  mcu_api.o(i.bt_protocol_init)
    bt_rf_test_result                        0x00002769   Thumb Code     2  protocol.o(i.bt_rf_test_result)
    bt_send_mcu_ver                          0x0000276d   Thumb Code    30  protocol.o(i.bt_send_mcu_ver)
    bt_send_one_time_password_token_result   0x00002791   Thumb Code     2  protocol.o(i.bt_send_one_time_password_token_result)
    bt_send_recordable_dp_data_result        0x00002793   Thumb Code     2  protocol.o(i.bt_send_recordable_dp_data_result)
    bt_time_sync_result                      0x00002795   Thumb Code     2  protocol.o(i.bt_time_sync_result)
    bt_uart_service                          0x00002799   Thumb Code    72  mcu_api.o(i.bt_uart_service)
    bt_uart_write_frame                      0x000027e9   Thumb Code    70  system.o(i.bt_uart_write_frame)
    byte_to_int                              0x00002835   Thumb Code    22  mcu_api.o(i.byte_to_int)
    calibration_test                         0x0000284d   Thumb Code   388  tst_function.o(i.calibration_test)
    check_motor_current                      0x000029f5   Thumb Code   194  adc_init.o(i.check_motor_current)
    clock_config                             0x00002ad1   Thumb Code    18  motor_init.o(i.clock_config)
    close_curtain                            0x00002ae9   Thumb Code    62  motor_init.o(i.close_curtain)
    data_handle                              0x00002b69   Thumb Code   698  system.o(i.data_handle)
    delay1s                                  0x00002e49   Thumb Code    18  mcu_ota_handler.o(i.delay1s)
    dp_download_handle                       0x00002e61   Thumb Code   352  protocol.o(i.dp_download_handle)
    fputc                                    0x00003139   Thumb Code    34  main_callfun.o(i.fputc)
    full_running_time_0A_pack                0x0000315d   Thumb Code   104  tybn1_init.o(i.full_running_time_0A_pack)
    get_check_sum                            0x000031d5   Thumb Code    28  tybn1_init.o(i.get_check_sum)
    get_check_sums                           0x000031f1   Thumb Code    28  system.o(i.get_check_sums)
    get_download_cmd_total                   0x0000320d   Thumb Code     4  protocol.o(i.get_download_cmd_total)
    get_mcu_bt_mode                          0x00003211   Thumb Code    12  system.o(i.get_mcu_bt_mode)
    get_queue_total_data                     0x0000321d   Thumb Code    18  system.o(i.get_queue_total_data)
    gpio_init                                0x00003235   Thumb Code   282  gpio_init.o(i.gpio_init)
    gptm0_onfiguration                       0x00003359   Thumb Code    90  gptm0_init.o(i.gptm0_onfiguration)
    heat_beat_check                          0x000033c1   Thumb Code    42  system.o(i.heat_beat_check)
    key_init                                 0x000033f1   Thumb Code   246  gpio_init.o(i.key_init)
    low_power_init                           0x000034f5   Thumb Code     8  low_power_iniit.o(i.low_power_init)
    main                                     0x000034fd   Thumb Code   356  main.o(i.main)
    mcu_device_delay_restart                 0x000037cd   Thumb Code    20  mcu_ota_handler.o(i.mcu_device_delay_restart)
    mcu_dp_enum_update                       0x000037e9   Thumb Code    58  mcu_api.o(i.mcu_dp_enum_update)
    mcu_dp_string_update                     0x00003829   Thumb Code    62  mcu_api.o(i.mcu_dp_string_update)
    mcu_dp_value_update                      0x0000386d   Thumb Code    80  mcu_api.o(i.mcu_dp_value_update)
    mcu_flash_erase                          0x000038c1   Thumb Code    26  mcu_ota_handler.o(i.mcu_flash_erase)
    mcu_flash_read                           0x000038db   Thumb Code    50  mcu_ota_handler.o(i.mcu_flash_read)
    mcu_flash_write                          0x0000390d   Thumb Code    72  mcu_ota_handler.o(i.mcu_flash_write)
    mcu_get_dp_download_enum                 0x00003955   Thumb Code     4  mcu_api.o(i.mcu_get_dp_download_enum)
    mcu_get_dp_download_value                0x00003959   Thumb Code     8  mcu_api.o(i.mcu_get_dp_download_value)
    mcu_ota_init                             0x00003c5d   Thumb Code    14  mcu_ota_handler.o(i.mcu_ota_init)
    mcu_ota_init_disconnect                  0x00003c71   Thumb Code    36  mcu_ota_handler.o(i.mcu_ota_init_disconnect)
    mcu_ota_proc                             0x00003d11   Thumb Code   110  mcu_ota_handler.o(i.mcu_ota_proc)
    motor_current_test                       0x00003d85   Thumb Code    48  tst_function.o(i.motor_current_test)
    motor_pwr                                0x00003dc5   Thumb Code    48  motor_init.o(i.motor_pwr)
    motor_stop                               0x00003df9   Thumb Code    26  motor_init.o(i.motor_stop)
    motor_turn                               0x00003e15   Thumb Code   184  tst_function.o(i.motor_turn)
    ms_delay_systick                         0x00003edd   Thumb Code    40  systick_init.o(i.ms_delay_systick)
    my_atoll                                 0x00003f09   Thumb Code   128  mcu_api.o(i.my_atoll)
    my_memcmp                                0x00003f89   Thumb Code    34  mcu_api.o(i.my_memcmp)
    my_memcpy                                0x00003fab   Thumb Code    64  mcu_api.o(i.my_memcpy)
    my_memset                                0x00003feb   Thumb Code    24  mcu_api.o(i.my_memset)
    my_strlen                                0x00004003   Thumb Code    22  mcu_api.o(i.my_strlen)
    open_curtain                             0x000040e9   Thumb Code    62  motor_init.o(i.open_curtain)
    product_info_update                      0x0000412d   Thumb Code    48  system.o(i.product_info_update)
    rtc_init                                 0x00004171   Thumb Code    64  rtc_init.o(i.rtc_init)
    set_bt_uart_buffer                       0x000041b5   Thumb Code    22  system.o(i.set_bt_uart_buffer)
    set_bt_uart_byte                         0x000041d1   Thumb Code    12  system.o(i.set_bt_uart_byte)
    stop_fun                                 0x000041e1   Thumb Code    98  tst_function.o(i.stop_fun)
    systick_init                             0x00004255   Thumb Code    34  systick_init.o(i.systick_init)
    timing_delay                             0x0000427d   Thumb Code    16  systick_init.o(i.timing_delay)
    tybn1_join_sleep_mode                    0x00004291   Thumb Code    20  tybn1_init.o(i.tybn1_join_sleep_mode)
    tybn1_out_sleep_mode                     0x000042ad   Thumb Code    16  tybn1_init.o(i.tybn1_out_sleep_mode)
    uart0_init                               0x000042c1   Thumb Code   106  uart0_init.o(i.uart0_init)
    uart0_send                               0x00004335   Thumb Code    42  uart0_init.o(i.uart0_send)
    uart_receive_input                       0x00004365   Thumb Code    48  mcu_api.o(i.uart_receive_input)
    uart_transmit_output                     0x000043a9   Thumb Code     8  protocol.o(i.uart_transmit_output)
    uart_transmit_output_fun                 0x000043b1   Thumb Code    54  mcu_transplant.o(i.uart_transmit_output_fun)
    update_battery_value                     0x000043ed   Thumb Code    74  tst_function.o(i.update_battery_value)
    update_motor_current                     0x0000443d   Thumb Code    74  tst_function.o(i.update_motor_current)
    update_protect_current                   0x0000448d   Thumb Code    74  tst_function.o(i.update_protect_current)
    usart0_init                              0x000044dd   Thumb Code   108  usart0_init.o(i.usart0_init)
    usart0_send                              0x0000454d   Thumb Code    44  usart0_init.o(i.usart0_send)
    usart_fun                                0x00004579   Thumb Code    30  mcu_ota_handler.o(i.usart_fun)
    version_fun                              0x00004599   Thumb Code    12  main.o(i.version_fun)
    download_cmd                             0x000045a8   Data          30  protocol.o(.constdata)
    __ctype_categories                       0x000045d6   Data          64  ctype_c.o(.constdata)
    Region$$Table$$Base                      0x00004618   Number         0  anon$$obj.o(Region$$Table)
    Region$$Table$$Limit                     0x00004638   Number         0  anon$$obj.o(Region$$Table)
    versions                                 0x20000010   Data           3  main.o(.data)
    gptm0_second                             0x20000014   Data           1  ht32f5xxxx_01_it.o(.data)
    gptm0_minute                             0x20000015   Data           1  ht32f5xxxx_01_it.o(.data)
    gptm0_hour                               0x20000016   Data           1  ht32f5xxxx_01_it.o(.data)
    gptm0_4low                               0x20000018   Data           4  ht32f5xxxx_01_it.o(.data)
    gptm0_4clbr                              0x2000001c   Data           4  ht32f5xxxx_01_it.o(.data)
    gptm0_cnt                                0x20000020   Data           4  ht32f5xxxx_01_it.o(.data)
    SystemCoreClock                          0x20000028   Data           4  system_ht32f5xxxx_02.o(.data)
    __stdout                                 0x2000002c   Data           4  ht32_retarget.o(.data)
    reset_bt_flag                            0x2000004d   Data           1  system.o(.data)
    bt_work_state                            0x2000004e   Data           1  system.o(.data)
    queue_in                                 0x20000050   Data           4  system.o(.data)
    queue_out                                0x20000054   Data           4  system.o(.data)
    stop_update_flag                         0x20000058   Data           1  system.o(.data)
    mcu_state                                0x20000059   Data           1  tybn1_init.o(.data)
    real_time_cnt                            0x2000005a   Data           1  tybn1_init.o(.data)
    bftm_cnt                                 0x2000005c   Data           4  bftm_init.o(.data)
    bftm_second                              0x20000060   Data           1  bftm_init.o(.data)
    bftm_minute                              0x20000061   Data           1  bftm_init.o(.data)
    bftm_hour                                0x20000062   Data           1  bftm_init.o(.data)
    low_power_event_flag                     0x20000064   Data           4  low_power_iniit.o(.data)
    speed                                    0x20000068   Data           4  motor_init.o(.data)
    alarm_second                             0x2000006c   Data           4  rtc_init.o(.data)
    rtc_interrupt                            0x20000070   Data           4  rtc_init.o(.data)
    count_down_action                        0x20000074   Data           1  service_logic_manage.o(.data)
    curtain_mode                             0x20000075   Data           1  service_logic_manage.o(.data)
    calibration_status                       0x20000076   Data           1  service_logic_manage.o(.data)
    calibration_operation                    0x20000077   Data           1  service_logic_manage.o(.data)
    calibration_operation_auto               0x20000078   Data           1  service_logic_manage.o(.data)
    protect_current                          0x2000007a   Data           2  service_logic_manage.o(.data)
    variable                                 0x2000007c   Data           8  service_logic_manage.o(.data)
    run_state                                0x20000088   Data           1  tst_function.o(.data)
    rtc_motor_state                          0x20000089   Data           1  tst_function.o(.data)
    key_flag                                 0x2000008a   Data           1  tst_function.o(.data)
    motor_status                             0x2000008b   Data           1  tst_function.o(.data)
    motor_current                            0x2000008c   Data           2  tst_function.o(.data)
    usart0_len                               0x2000008e   Data           1  usart0_init.o(.data)
    bt_queue_buf                             0x200002d0   Data         519  system.o(.bss)
    bt_uart_rx_buf                           0x200004d7   Data         263  system.o(.bss)
    bt_uart_tx_buf                           0x200005de   Data         519  system.o(.bss)
    dp_data_buf                              0x200007e5   Data         100  tybn1_init.o(.bss)
    battery_voltage                          0x2000084a   Data         200  adc_init.o(.bss)
    tmp_voltage                              0x20000912   Data         200  adc_init.o(.bss)
    guKeyState                               0x200009dc   Data          20  low_power_iniit.o(.bss)
    uart0_buf                                0x200009f0   Data         100  uart0_init.o(.bss)
    usart0_buf                               0x20000a54   Data         100  usart0_init.o(.bss)
    __HT_check_sp                            0x20000ab8   Data           0  startup_ht32f5xxxx_01.o(STACK)
    __initial_sp                             0x20000cb8   Data           0  startup_ht32f5xxxx_01.o(STACK)



==============================================================================

Memory Map of the image

  Image Entry point : 0x000010ad

  Load Region IAP (Base: 0x00000000, Size: 0x00000ad4, Max: 0x00001000, ABSOLUTE)

    Execution Region IAP (Exec base: 0x00000000, Load base: 0x00000000, Size: 0x00000ad4, Max: 0xffffffff, ABSOLUTE)

    Exec Addr    Load Addr    Size         Type   Attr      Idx    E Section Name        Object

    0x00000000   0x00000000   0x00000ad4   Data   RO          246    IAP                 iap.o



  Load Region AP (Base: 0x00001000, Size: 0x000036b8, Max: 0xffffffff, ABSOLUTE)

    Execution Region AP (Exec base: 0x00001000, Load base: 0x00001000, Size: 0x00003638, Max: 0xffffffff, ABSOLUTE)

    Exec Addr    Load Addr    Size         Type   Attr      Idx    E Section Name        Object

    0x00001000   0x00001000   0x00000150   Code   RO          587  * RESET               startup_ht32f5xxxx_01.o
    0x00001150   0x00001150   0x00000000   Code   RO         4675  * .ARM.Collect$$$$00000000  mc_p.l(entry.o)
    0x00001150   0x00001150   0x00000004   Code   RO         4978    .ARM.Collect$$$$00000001  mc_p.l(entry2.o)
    0x00001154   0x00001154   0x00000004   Code   RO         4981    .ARM.Collect$$$$00000004  mc_p.l(entry5.o)
    0x00001158   0x00001158   0x00000000   Code   RO         4983    .ARM.Collect$$$$00000008  mc_p.l(entry7b.o)
    0x00001158   0x00001158   0x00000000   Code   RO         4985    .ARM.Collect$$$$0000000A  mc_p.l(entry8b.o)
    0x00001158   0x00001158   0x00000008   Code   RO         4986    .ARM.Collect$$$$0000000B  mc_p.l(entry9a.o)
    0x00001160   0x00001160   0x00000000   Code   RO         4988    .ARM.Collect$$$$0000000D  mc_p.l(entry10a.o)
    0x00001160   0x00001160   0x00000000   Code   RO         4990    .ARM.Collect$$$$0000000F  mc_p.l(entry11a.o)
    0x00001160   0x00001160   0x00000004   Code   RO         4979    .ARM.Collect$$$$00002712  mc_p.l(entry2.o)
    0x00001164   0x00001164   0x0000002c   Code   RO         4678    .text               mc_p.l(uidiv.o)
    0x00001190   0x00001190   0x00000028   Code   RO         4680    .text               mc_p.l(idiv.o)
    0x000011b8   0x000011b8   0x0000007a   Code   RO         4682    .text               mc_p.l(llmul.o)
    0x00001232   0x00001232   0x0000000c   Code   RO         4684    .text               mc_p.l(isdigit_c.o)
    0x0000123e   0x0000123e   0x0000000e   Code   RO         4686    .text               mc_p.l(isspace_c.o)
    0x0000124c   0x0000124c   0x00000024   Code   RO         4688    .text               mc_p.l(memcpya.o)
    0x00001270   0x00001270   0x00000024   Code   RO         4690    .text               mc_p.l(memseta.o)
    0x00001294   0x00001294   0x0000001a   Code   RO         4694    .text               mc_p.l(memcmp.o)
    0x000012ae   0x000012ae   0x00000014   Code   RO         4958    .text               mc_p.l(uread4.o)
    0x000012c2   0x000012c2   0x000000b2   Code   RO         4960    .text               mf_p.l(fadd.o)
    0x00001374   0x00001374   0x0000007a   Code   RO         4962    .text               mf_p.l(fmul.o)
    0x000013ee   0x000013ee   0x0000007c   Code   RO         4964    .text               mf_p.l(fdiv.o)
    0x0000146a   0x0000146a   0x00000002   PAD
    0x0000146c   0x0000146c   0x000000d0   Code   RO         4966    .text               mf_p.l(dmul.o)
    0x0000153c   0x0000153c   0x0000000e   Code   RO         4968    .text               mf_p.l(ffltui.o)
    0x0000154a   0x0000154a   0x00000028   Code   RO         4970    .text               mf_p.l(ffixui.o)
    0x00001572   0x00001572   0x00000028   Code   RO         4972    .text               mf_p.l(f2d.o)
    0x0000159a   0x0000159a   0x00000038   Code   RO         4974    .text               mf_p.l(d2f.o)
    0x000015d2   0x000015d2   0x00000002   PAD
    0x000015d4   0x000015d4   0x00000014   Code   RO         4976    .text               mf_p.l(cfcmple.o)
    0x000015e8   0x000015e8   0x00000020   Code   RO         4994    .text               mc_p.l(llshl.o)
    0x00001608   0x00001608   0x00000024   Code   RO         4996    .text               mc_p.l(ctype_c.o)
    0x0000162c   0x0000162c   0x00000000   Code   RO         4999    .text               mc_p.l(iusefp.o)
    0x0000162c   0x0000162c   0x00000082   Code   RO         5000    .text               mf_p.l(fepilogue.o)
    0x000016ae   0x000016ae   0x000000be   Code   RO         5002    .text               mf_p.l(depilogue.o)
    0x0000176c   0x0000176c   0x00000024   Code   RO         5014    .text               mc_p.l(init.o)
    0x00001790   0x00001790   0x00000022   Code   RO         5016    .text               mc_p.l(llushr.o)
    0x000017b2   0x000017b2   0x00000012   Code   RO          690    i.ADC_Cmd           ht32f5xxxx_adc.o
    0x000017c4   0x000017c4   0x00000002   Code   RO          249    i.ADC_IRQHandler    ht32f5xxxx_01_it.o
    0x000017c6   0x000017c6   0x00000012   Code   RO          695    i.ADC_IntConfig     ht32f5xxxx_adc.o
    0x000017d8   0x000017d8   0x0000001c   Code   RO          696    i.ADC_RegularChannelConfig  ht32f5xxxx_adc.o
    0x000017f4   0x000017f4   0x0000001a   Code   RO          697    i.ADC_RegularGroupConfig  ht32f5xxxx_adc.o
    0x0000180e   0x0000180e   0x0000000e   Code   RO          698    i.ADC_RegularTrigConfig  ht32f5xxxx_adc.o
    0x0000181c   0x0000181c   0x00000014   Code   RO          701    i.ADC_SoftwareStartConvCmd  ht32f5xxxx_adc.o
    0x00001830   0x00001830   0x0000002c   Code   RO         1303    i.AFIO_EXTISourceConfig  ht32f5xxxx_gpio.o
    0x0000185c   0x0000185c   0x00000058   Code   RO         1304    i.AFIO_GPxConfig    ht32f5xxxx_gpio.o
    0x000018b4   0x000018b4   0x0000005c   Code   RO          250    i.BFTM0_IRQHandler  ht32f5xxxx_01_it.o
    0x00001910   0x00001910   0x0000000e   Code   RO          796    i.BFTM_ClearFlag    ht32f5xxxx_bftm.o
    0x0000191e   0x0000191e   0x00000012   Code   RO          798    i.BFTM_EnaCmd       ht32f5xxxx_bftm.o
    0x00001930   0x00001930   0x00000014   Code   RO          802    i.BFTM_IntConfig    ht32f5xxxx_bftm.o
    0x00001944   0x00001944   0x00000012   Code   RO          803    i.BFTM_OneShotModeCmd  ht32f5xxxx_bftm.o
    0x00001956   0x00001956   0x00000004   Code   RO          804    i.BFTM_SetCompare   ht32f5xxxx_bftm.o
    0x0000195a   0x0000195a   0x00000004   Code   RO          805    i.BFTM_SetCounter   ht32f5xxxx_bftm.o
    0x0000195e   0x0000195e   0x00000002   PAD
    0x00001960   0x00001960   0x00000014   Code   RO          875    i.CKCU_GetClockReadyStatus  ht32f5xxxx_ckcu.o
    0x00001974   0x00001974   0x0000006c   Code   RO          876    i.CKCU_GetClocksFrequency  ht32f5xxxx_ckcu.o
    0x000019e0   0x000019e0   0x0000003c   Code   RO          878    i.CKCU_GetPLLFrequency  ht32f5xxxx_ckcu.o
    0x00001a1c   0x00001a1c   0x00000034   Code   RO          879    i.CKCU_GetPeripFrequency  ht32f5xxxx_ckcu.o
    0x00001a50   0x00001a50   0x00000028   Code   RO          894    i.CKCU_PeripClockConfig  ht32f5xxxx_ckcu.o
    0x00001a78   0x00001a78   0x00000088   Code   RO          251    i.EVWUP_IRQHandler  ht32f5xxxx_01_it.o
    0x00001b00   0x00001b00   0x00000008   Code   RO          252    i.EXTI0_1_IRQHandler  ht32f5xxxx_01_it.o
    0x00001b08   0x00001b08   0x00000008   Code   RO          253    i.EXTI2_3_IRQHandler  ht32f5xxxx_01_it.o
    0x00001b10   0x00001b10   0x00000008   Code   RO          254    i.EXTI4_15_IRQHandler  ht32f5xxxx_01_it.o
    0x00001b18   0x00001b18   0x00000010   Code   RO         1125    i.EXTI_ClearEdgeFlag  ht32f5xxxx_exti.o
    0x00001b28   0x00001b28   0x00000014   Code   RO         1126    i.EXTI_ClearWakeupFlag  ht32f5xxxx_exti.o
    0x00001b3c   0x00001b3c   0x00000028   Code   RO         1129    i.EXTI_GetEdgeStatus  ht32f5xxxx_exti.o
    0x00001b64   0x00001b64   0x00000020   Code   RO         1132    i.EXTI_Init         ht32f5xxxx_exti.o
    0x00001b84   0x00001b84   0x0000001c   Code   RO         1133    i.EXTI_IntConfig    ht32f5xxxx_exti.o
    0x00001ba0   0x00001ba0   0x0000002c   Code   RO         1135    i.EXTI_WakeupEventConfig  ht32f5xxxx_exti.o
    0x00001bcc   0x00001bcc   0x0000001c   Code   RO         1136    i.EXTI_WakeupEventIntConfig  ht32f5xxxx_exti.o
    0x00001be8   0x00001be8   0x00000168   Code   RO         4120    i.Exit_Init         low_power_iniit.o
    0x00001d50   0x00001d50   0x00000018   Code   RO         1213    i.FLASH_ErasePage   ht32f5xxxx_flash.o
    0x00001d68   0x00001d68   0x00000030   Code   RO         1215    i.FLASH_GetOptionByteStatus  ht32f5xxxx_flash.o
    0x00001d98   0x00001d98   0x0000001c   Code   RO         1220    i.FLASH_ProgramWordData  ht32f5xxxx_flash.o
    0x00001db4   0x00001db4   0x00000050   Code   RO         1223    i.FLASH_WaitForOperationEnd  ht32f5xxxx_flash.o
    0x00001e04   0x00001e04   0x00000010   Code   RO         1307    i.GPIO_DirectionConfig  ht32f5xxxx_gpio.o
    0x00001e14   0x00001e14   0x00000030   Code   RO         1309    i.GPIO_DriveConfig  ht32f5xxxx_gpio.o
    0x00001e44   0x00001e44   0x00000010   Code   RO         1311    i.GPIO_InputConfig  ht32f5xxxx_gpio.o
    0x00001e54   0x00001e54   0x0000002a   Code   RO         1316    i.GPIO_PullResistorConfig  ht32f5xxxx_gpio.o
    0x00001e7e   0x00001e7e   0x0000000a   Code   RO         1317    i.GPIO_ReadInBit    ht32f5xxxx_gpio.o
    0x00001e88   0x00001e88   0x0000000c   Code   RO         1322    i.GPIO_WriteOutBits  ht32f5xxxx_gpio.o
    0x00001e94   0x00001e94   0x0000006c   Code   RO          255    i.GPTM0_IRQHandler  ht32f5xxxx_01_it.o
    0x00001f00   0x00001f00   0x00000010   Code   RO          256    i.HardFault_Handler  ht32f5xxxx_01_it.o
    0x00001f10   0x00001f10   0x00000012   Code   RO         1626    i.MCTM_CHMOECmd     ht32f5xxxx_mctm.o
    0x00001f22   0x00001f22   0x00000002   Code   RO          257    i.NMI_Handler       ht32f5xxxx_01_it.o
    0x00001f24   0x00001f24   0x00000014   Code   RO         4121    i.NVIC_EnableIRQ    low_power_iniit.o
    0x00001f38   0x00001f38   0x00000014   Code   RO          596    i.NVIC_SetVectorTable  ht32_cm0plus_misc.o
    0x00001f4c   0x00001f4c   0x00000084   Code   RO         4164    i.PB2_PWM_INIT      motor_init.o
    0x00001fd0   0x00001fd0   0x00000088   Code   RO         4165    i.PB3_PWM_INIT      motor_init.o
    0x00002058   0x00002058   0x0000001c   Code   RO         1684    i.PWRCU_DeInit      ht32f5xxxx_pwrcu.o
    0x00002074   0x00002074   0x0000005c   Code   RO         1685    i.PWRCU_DeepSleep1  ht32f5xxxx_pwrcu.o
    0x000020d0   0x000020d0   0x00000002   Code   RO          258    i.PendSV_Handler    ht32f5xxxx_01_it.o
    0x000020d2   0x000020d2   0x00000002   PAD
    0x000020d4   0x000020d4   0x0000002c   Code   RO         3702    i.Queue_Read_Byte   system.o
    0x00002100   0x00002100   0x00000028   Code   RO         1832    i.RSTCU_PeripReset  ht32f5xxxx_rstcu.o
    0x00002128   0x00002128   0x00000018   Code   RO         1867    i.RTC_CMPCLRCmd     ht32f5xxxx_rtc.o
    0x00002140   0x00002140   0x00000014   Code   RO         1868    i.RTC_ClockSourceConfig  ht32f5xxxx_rtc.o
    0x00002154   0x00002154   0x0000000c   Code   RO         1872    i.RTC_GetCounter    ht32f5xxxx_rtc.o
    0x00002160   0x00002160   0x0000000c   Code   RO         1873    i.RTC_GetFlagStatus  ht32f5xxxx_rtc.o
    0x0000216c   0x0000216c   0x00000024   Code   RO          259    i.RTC_IRQHandler    ht32f5xxxx_01_it.o
    0x00002190   0x00002190   0x00000018   Code   RO         1876    i.RTC_IntConfig     ht32f5xxxx_rtc.o
    0x000021a8   0x000021a8   0x0000002c   Code   RO         1877    i.RTC_LSECmd        ht32f5xxxx_rtc.o
    0x000021d4   0x000021d4   0x00000014   Code   RO         1878    i.RTC_LSESMConfig   ht32f5xxxx_rtc.o
    0x000021e8   0x000021e8   0x00000014   Code   RO         1882    i.RTC_SetPrescaler  ht32f5xxxx_rtc.o
    0x000021fc   0x000021fc   0x00000002   Code   RO          260    i.SVC_Handler       ht32f5xxxx_01_it.o
    0x000021fe   0x000021fe   0x00000002   PAD
    0x00002200   0x00002200   0x00000018   Code   RO          599    i.SYSTICK_ClockSourceConfig  ht32_cm0plus_misc.o
    0x00002218   0x00002218   0x00000024   Code   RO          600    i.SYSTICK_CounterCmd  ht32_cm0plus_misc.o
    0x0000223c   0x0000223c   0x00000018   Code   RO          601    i.SYSTICK_IntConfig  ht32_cm0plus_misc.o
    0x00002254   0x00002254   0x0000000c   Code   RO          602    i.SYSTICK_SetReloadValue  ht32_cm0plus_misc.o
    0x00002260   0x00002260   0x00000008   Code   RO          261    i.SysTick_Handler   ht32f5xxxx_01_it.o
    0x00002268   0x00002268   0x000000f4   Code   RO          556    i.SystemInit        system_ht32f5xxxx_02.o
    0x0000235c   0x0000235c   0x0000000a   Code   RO         2132    i.TM_ClearFlag      ht32f5xxxx_tm.o
    0x00002366   0x00002366   0x00000014   Code   RO         2135    i.TM_Cmd            ht32f5xxxx_tm.o
    0x0000237a   0x0000237a   0x00000010   Code   RO         2150    i.TM_IntConfig      ht32f5xxxx_tm.o
    0x0000238a   0x0000238a   0x00000002   PAD
    0x0000238c   0x0000238c   0x000000a0   Code   RO         2154    i.TM_OutputInit     ht32f5xxxx_tm.o
    0x0000242c   0x0000242c   0x00000040   Code   RO         2167    i.TM_TimeBaseInit   ht32f5xxxx_tm.o
    0x0000246c   0x0000246c   0x00000028   Code   RO          262    i.UART0_IRQHandler  ht32f5xxxx_01_it.o
    0x00002494   0x00002494   0x00000002   Code   RO          263    i.UART1_IRQHandler  ht32f5xxxx_01_it.o
    0x00002496   0x00002496   0x00000002   PAD
    0x00002498   0x00002498   0x00000030   Code   RO          264    i.USART0_IRQHandler  ht32f5xxxx_01_it.o
    0x000024c8   0x000024c8   0x00000008   Code   RO         2428    i.USART_ClearFlag   ht32f5xxxx_usart.o
    0x000024d0   0x000024d0   0x0000000a   Code   RO         2433    i.USART_GetFlagStatus  ht32f5xxxx_usart.o
    0x000024da   0x000024da   0x00000002   PAD
    0x000024dc   0x000024dc   0x0000006c   Code   RO         2436    i.USART_Init        ht32f5xxxx_usart.o
    0x00002548   0x00002548   0x00000010   Code   RO         2437    i.USART_IntConfig   ht32f5xxxx_usart.o
    0x00002558   0x00002558   0x00000004   Code   RO         2446    i.USART_SendData    ht32f5xxxx_usart.o
    0x0000255c   0x0000255c   0x00000014   Code   RO         2457    i.USART_TxRxCmd     ht32f5xxxx_usart.o
    0x00002570   0x00002570   0x00000070   Code   RO          265    i.WAKEUP_Button_Process  ht32f5xxxx_01_it.o
    0x000025e0   0x000025e0   0x00000014   Code   RO         4699    i.__0printf$bare    mc_p.l(printfb.o)
    0x000025f4   0x000025f4   0x0000002e   Code   RO         5004    i.__ARM_clz         mf_p.l(depilogue.o)
    0x00002622   0x00002622   0x0000001a   Code   RO         1067    i.__ARM_common_switch8  ht32f5xxxx_ckcu.o
    0x0000263c   0x0000263c   0x0000000e   Code   RO         5022    i.__scatterload_copy  mc_p.l(handlers.o)
    0x0000264a   0x0000264a   0x00000002   Code   RO         5023    i.__scatterload_null  mc_p.l(handlers.o)
    0x0000264c   0x0000264c   0x0000000e   Code   RO         5024    i.__scatterload_zeroinit  mc_p.l(handlers.o)
    0x0000265a   0x0000265a   0x0000001e   Code   RO         4706    i._printf_core      mc_p.l(printfb.o)
    0x00002678   0x00002678   0x0000004c   Code   RO         3986    i.adc_init          adc_init.o
    0x000026c4   0x000026c4   0x00000008   Code   RO         3533    i.all_data_update   protocol.o
    0x000026cc   0x000026cc   0x00000002   Code   RO         3507    i.all_data_update_fun  mcu_transplant.o
    0x000026ce   0x000026ce   0x00000002   PAD
    0x000026d0   0x000026d0   0x00000064   Code   RO         4039    i.bftm_onfiguration  bftm_init.o
    0x00002734   0x00002734   0x00000002   Code   RO         3535    i.bt_close_timer_result  protocol.o
    0x00002736   0x00002736   0x00000002   Code   RO         3537    i.bt_disconnect_result  protocol.o
    0x00002738   0x00002738   0x00000002   Code   RO         3539    i.bt_enable_lowpoer_result  protocol.o
    0x0000273a   0x0000273a   0x00000002   Code   RO         3540    i.bt_factor_reset_notify  protocol.o
    0x0000273c   0x0000273c   0x00000002   Code   RO         3542    i.bt_modify_adv_interval_result  protocol.o
    0x0000273e   0x0000273e   0x00000002   PAD
    0x00002740   0x00002740   0x00000028   Code   RO         3216    i.bt_protocol_init  mcu_api.o
    0x00002768   0x00002768   0x00000002   Code   RO         3544    i.bt_rf_test_result  protocol.o
    0x0000276a   0x0000276a   0x00000002   PAD
    0x0000276c   0x0000276c   0x00000024   Code   RO         3546    i.bt_send_mcu_ver   protocol.o
    0x00002790   0x00002790   0x00000002   Code   RO         3548    i.bt_send_one_time_password_token_result  protocol.o
    0x00002792   0x00002792   0x00000002   Code   RO         3550    i.bt_send_recordable_dp_data_result  protocol.o
    0x00002794   0x00002794   0x00000002   Code   RO         3552    i.bt_time_sync_result  protocol.o
    0x00002796   0x00002796   0x00000002   PAD
    0x00002798   0x00002798   0x00000050   Code   RO         3217    i.bt_uart_service   mcu_api.o
    0x000027e8   0x000027e8   0x0000004c   Code   RO         3703    i.bt_uart_write_frame  system.o
    0x00002834   0x00002834   0x00000016   Code   RO         3218    i.byte_to_int       mcu_api.o
    0x0000284a   0x0000284a   0x00000002   PAD
    0x0000284c   0x0000284c   0x000001a8   Code   RO         4511    i.calibration_test  tst_function.o
    0x000029f4   0x000029f4   0x000000dc   Code   RO         3989    i.check_motor_current  adc_init.o
    0x00002ad0   0x00002ad0   0x00000018   Code   RO         4166    i.clock_config      motor_init.o
    0x00002ae8   0x00002ae8   0x00000044   Code   RO         4167    i.close_curtain     motor_init.o
    0x00002b2c   0x00002b2c   0x0000003c   Code   RO         3380    i.crc32_compute     mcu_ota_handler.o
    0x00002b68   0x00002b68   0x000002e0   Code   RO         3704    i.data_handle       system.o
    0x00002e48   0x00002e48   0x00000018   Code   RO         3381    i.delay1s           mcu_ota_handler.o
    0x00002e60   0x00002e60   0x0000017c   Code   RO         3554    i.dp_download_handle  protocol.o
    0x00002fdc   0x00002fdc   0x000000f0   Code   RO         3555    i.dp_download_percent_control_handle  protocol.o
    0x000030cc   0x000030cc   0x0000006c   Code   RO         3382    i.file_crc_check_in_flash  mcu_ota_handler.o
    0x00003138   0x00003138   0x00000022   Code   RO          486    i.fputc             main_callfun.o
    0x0000315a   0x0000315a   0x00000002   PAD
    0x0000315c   0x0000315c   0x00000078   Code   RO         3793    i.full_running_time_0A_pack  tybn1_init.o
    0x000031d4   0x000031d4   0x0000001c   Code   RO         3794    i.get_check_sum     tybn1_init.o
    0x000031f0   0x000031f0   0x0000001c   Code   RO         3705    i.get_check_sums    system.o
    0x0000320c   0x0000320c   0x00000004   Code   RO         3556    i.get_download_cmd_total  protocol.o
    0x00003210   0x00003210   0x0000000c   Code   RO         3706    i.get_mcu_bt_mode   system.o
    0x0000321c   0x0000321c   0x00000018   Code   RO         3708    i.get_queue_total_data  system.o
    0x00003234   0x00003234   0x00000124   Code   RO         4068    i.gpio_init         gpio_init.o
    0x00003358   0x00003358   0x00000068   Code   RO         4100    i.gptm0_onfiguration  gptm0_init.o
    0x000033c0   0x000033c0   0x00000030   Code   RO         3709    i.heat_beat_check   system.o
    0x000033f0   0x000033f0   0x00000104   Code   RO         4069    i.key_init          gpio_init.o
    0x000034f4   0x000034f4   0x00000008   Code   RO         4123    i.low_power_init    low_power_iniit.o
    0x000034fc   0x000034fc   0x000001d0   Code   RO            3    i.main              main.o
    0x000036cc   0x000036cc   0x00000100   Code   RO         3221    i.mcu_common_uart_data_unpack  mcu_api.o
    0x000037cc   0x000037cc   0x0000001c   Code   RO         3383    i.mcu_device_delay_restart  mcu_ota_handler.o
    0x000037e8   0x000037e8   0x00000040   Code   RO         3223    i.mcu_dp_enum_update  mcu_api.o
    0x00003828   0x00003828   0x00000044   Code   RO         3226    i.mcu_dp_string_update  mcu_api.o
    0x0000386c   0x0000386c   0x00000054   Code   RO         3227    i.mcu_dp_value_update  mcu_api.o
    0x000038c0   0x000038c0   0x0000001a   Code   RO         3384    i.mcu_flash_erase   mcu_ota_handler.o
    0x000038da   0x000038da   0x00000032   Code   RO         3386    i.mcu_flash_read    mcu_ota_handler.o
    0x0000390c   0x0000390c   0x00000048   Code   RO         3387    i.mcu_flash_write   mcu_ota_handler.o
    0x00003954   0x00003954   0x00000004   Code   RO         3230    i.mcu_get_dp_download_enum  mcu_api.o
    0x00003958   0x00003958   0x00000008   Code   RO         3231    i.mcu_get_dp_download_value  mcu_api.o
    0x00003960   0x00003960   0x00000160   Code   RO         3388    i.mcu_ota_data_req  mcu_ota_handler.o
    0x00003ac0   0x00003ac0   0x0000019c   Code   RO         3389    i.mcu_ota_file_info_req  mcu_ota_handler.o
    0x00003c5c   0x00003c5c   0x00000014   Code   RO         3390    i.mcu_ota_init      mcu_ota_handler.o
    0x00003c70   0x00003c70   0x0000002c   Code   RO         3391    i.mcu_ota_init_disconnect  mcu_ota_handler.o
    0x00003c9c   0x00003c9c   0x00000074   Code   RO         3392    i.mcu_ota_offset_req  mcu_ota_handler.o
    0x00003d10   0x00003d10   0x00000074   Code   RO         3393    i.mcu_ota_proc      mcu_ota_handler.o
    0x00003d84   0x00003d84   0x00000040   Code   RO         4515    i.motor_current_test  tst_function.o
    0x00003dc4   0x00003dc4   0x00000034   Code   RO         4169    i.motor_pwr         motor_init.o
    0x00003df8   0x00003df8   0x0000001a   Code   RO         4170    i.motor_stop        motor_init.o
    0x00003e12   0x00003e12   0x00000002   PAD
    0x00003e14   0x00003e14   0x000000c8   Code   RO         4516    i.motor_turn        tst_function.o
    0x00003edc   0x00003edc   0x0000002c   Code   RO         4477    i.ms_delay_systick  systick_init.o
    0x00003f08   0x00003f08   0x00000080   Code   RO         3234    i.my_atoll          mcu_api.o
    0x00003f88   0x00003f88   0x00000022   Code   RO         3235    i.my_memcmp         mcu_api.o
    0x00003faa   0x00003faa   0x00000040   Code   RO         3236    i.my_memcpy         mcu_api.o
    0x00003fea   0x00003fea   0x00000018   Code   RO         3237    i.my_memset         mcu_api.o
    0x00004002   0x00004002   0x00000016   Code   RO         3238    i.my_strlen         mcu_api.o
    0x00004018   0x00004018   0x000000d0   Code   RO         3396    i.on_data_write_request_sched  mcu_ota_handler.o
    0x000040e8   0x000040e8   0x00000044   Code   RO         4171    i.open_curtain      motor_init.o
    0x0000412c   0x0000412c   0x00000044   Code   RO         3710    i.product_info_update  system.o
    0x00004170   0x00004170   0x00000044   Code   RO         4238    i.rtc_init          rtc_init.o
    0x000041b4   0x000041b4   0x0000001c   Code   RO         3711    i.set_bt_uart_buffer  system.o
    0x000041d0   0x000041d0   0x00000010   Code   RO         3712    i.set_bt_uart_byte  system.o
    0x000041e0   0x000041e0   0x00000074   Code   RO         4518    i.stop_fun          tst_function.o
    0x00004254   0x00004254   0x00000028   Code   RO         4478    i.systick_init      systick_init.o
    0x0000427c   0x0000427c   0x00000014   Code   RO         4479    i.timing_delay      systick_init.o
    0x00004290   0x00004290   0x0000001c   Code   RO         3809    i.tybn1_join_sleep_mode  tybn1_init.o
    0x000042ac   0x000042ac   0x00000014   Code   RO         3810    i.tybn1_out_sleep_mode  tybn1_init.o
    0x000042c0   0x000042c0   0x00000074   Code   RO         4603    i.uart0_init        uart0_init.o
    0x00004334   0x00004334   0x00000030   Code   RO         4604    i.uart0_send        uart0_init.o
    0x00004364   0x00004364   0x00000044   Code   RO         3239    i.uart_receive_input  mcu_api.o
    0x000043a8   0x000043a8   0x00000008   Code   RO         3557    i.uart_transmit_output  protocol.o
    0x000043b0   0x000043b0   0x0000003c   Code   RO         3508    i.uart_transmit_output_fun  mcu_transplant.o
    0x000043ec   0x000043ec   0x00000050   Code   RO         4520    i.update_battery_value  tst_function.o
    0x0000443c   0x0000443c   0x00000050   Code   RO         4521    i.update_motor_current  tst_function.o
    0x0000448c   0x0000448c   0x00000050   Code   RO         4522    i.update_protect_current  tst_function.o
    0x000044dc   0x000044dc   0x00000070   Code   RO         4637    i.usart0_init       usart0_init.o
    0x0000454c   0x0000454c   0x0000002c   Code   RO         4638    i.usart0_send       usart0_init.o
    0x00004578   0x00004578   0x0000001e   Code   RO         3397    i.usart_fun         mcu_ota_handler.o
    0x00004596   0x00004596   0x00000002   PAD
    0x00004598   0x00004598   0x00000010   Code   RO            4    i.version_fun       main.o
    0x000045a8   0x000045a8   0x0000001e   Data   RO         3558    .constdata          protocol.o
    0x000045c6   0x000045c6   0x00000002   PAD
    0x000045c8   0x000045c8   0x0000000e   Data   RO         3714    .constdata          system.o
    0x000045d6   0x000045d6   0x00000040   Data   RO         4997    .constdata          mc_p.l(ctype_c.o)
    0x00004616   0x00004616   0x00000002   PAD
    0x00004618   0x00004618   0x00000020   Data   RO         5020    Region$$Table       anon$$obj.o


    Execution Region RAM (Exec base: 0x20000010, Load base: 0x00004638, Size: 0x00000ca8, Max: 0xffffffff, ABSOLUTE)

    Exec Addr    Load Addr    Size         Type   Attr      Idx    E Section Name        Object

    0x20000010   0x00004638   0x00000003   Data   RW            5    .data               main.o
    0x20000013   0x0000463b   0x00000001   PAD
    0x20000014   0x0000463c   0x00000014   Data   RW          266    .data               ht32f5xxxx_01_it.o
    0x20000028   0x00004650   0x00000004   Data   RW          557    .data               system_ht32f5xxxx_02.o
    0x2000002c   0x00004654   0x00000004   Data   RW         2734    .data               ht32_retarget.o
    0x20000030   0x00004658   0x0000000b   Data   RW         3240    .data               mcu_api.o
    0x2000003b   0x00004663   0x00000001   PAD
    0x2000003c   0x00004664   0x00000010   Data   RW         3399    .data               mcu_ota_handler.o
    0x2000004c   0x00004674   0x0000000c   Data   RW         3715    .data               system.o
    0x20000058   0x00004680   0x00000001   Data   RW         3716    .data               system.o
    0x20000059   0x00004681   0x00000002   Data   RW         3819    .data               tybn1_init.o
    0x2000005b   0x00004683   0x00000001   PAD
    0x2000005c   0x00004684   0x00000004   Data   RW         4040    .data               bftm_init.o
    0x20000060   0x00004688   0x00000001   Data   RW         4041    .data               bftm_init.o
    0x20000061   0x00004689   0x00000001   Data   RW         4042    .data               bftm_init.o
    0x20000062   0x0000468a   0x00000001   Data   RW         4043    .data               bftm_init.o
    0x20000063   0x0000468b   0x00000001   PAD
    0x20000064   0x0000468c   0x00000004   Data   RW         4125    .data               low_power_iniit.o
    0x20000068   0x00004690   0x00000004   Data   RW         4172    .data               motor_init.o
    0x2000006c   0x00004694   0x00000004   Data   RW         4243    .data               rtc_init.o
    0x20000070   0x00004698   0x00000004   Data   RW         4244    .data               rtc_init.o
    0x20000074   0x0000469c   0x00000008   Data   RW         4356    .data               service_logic_manage.o
    0x2000007c   0x000046a4   0x00000008   Data   RW         4357    .data               service_logic_manage.o
    0x20000084   0x000046ac   0x00000004   Data   RW         4480    .data               systick_init.o
    0x20000088   0x000046b0   0x00000006   Data   RW         4523    .data               tst_function.o
    0x2000008e   0x000046b6   0x00000001   Data   RW         4641    .data               usart0_init.o
    0x2000008f   0x000046b7   0x00000001   PAD
    0x20000090        -       0x00000240   Zero   RW         3398    .bss                mcu_ota_handler.o
    0x200002d0        -       0x00000515   Zero   RW         3713    .bss                system.o
    0x200007e5        -       0x00000064   Zero   RW         3818    .bss                tybn1_init.o
    0x20000849   0x000046b7   0x00000001   PAD
    0x2000084a        -       0x00000190   Zero   RW         3992    .bss                adc_init.o
    0x200009da   0x000046b7   0x00000002   PAD
    0x200009dc        -       0x00000014   Zero   RW         4124    .bss                low_power_iniit.o
    0x200009f0        -       0x00000064   Zero   RW         4605    .bss                uart0_init.o
    0x20000a54        -       0x00000064   Zero   RW         4640    .bss                usart0_init.o
    0x20000ab8        -       0x00000200   Zero   RW          585    STACK               startup_ht32f5xxxx_01.o


==============================================================================

Image component sizes


      Code (inc. data)   RO Data    RW Data    ZI Data      Debug   Object Name

       296         30          0          0        400       2151   adc_init.o
       100         16          0          7          0        961   bftm_init.o
       552         24          0          0          0       1375   gpio_init.o
       104         14          0          0          0        661   gptm0_init.o
         0          0          0          0          0       5840   ht32_board.o
       116         26          0          0          0       3024   ht32_cm0plus_misc.o
         0          0          0          4          0       2022   ht32_retarget.o
       630         82          0         20          0      66511   ht32f5xxxx_01_it.o
       124          0          0          0          0       4489   ht32f5xxxx_adc.o
        78          0          0          0          0       4002   ht32f5xxxx_bftm.o
       306         44          0          0          0       6132   ht32f5xxxx_ckcu.o
       208         36          0          0          0       4899   ht32f5xxxx_exti.o
       180         26          0          0          0       4012   ht32f5xxxx_flash.o
       276         12          0          0          0       6473   ht32f5xxxx_gpio.o
        18          0          0          0          0       1112   ht32f5xxxx_mctm.o
       120         20          0          0          0       1210   ht32f5xxxx_pwrcu.o
        40          6          0          0          0        727   ht32f5xxxx_rstcu.o
       176         40          0          0          0       4495   ht32f5xxxx_rtc.o
       270         10          0          0          0       4996   ht32f5xxxx_tm.o
       166         14          0          0          0       5024   ht32f5xxxx_usart.o
         0          0       2772          0          0          0   iap.o
       388         20          0          4         20       2263   low_power_iniit.o
       480        112          0          3          0      29169   main.o
        34          0          0          0          0        608   main_callfun.o
       966         76          0         11          0      11790   mcu_api.o
      1666        146          0         16        576      15882   mcu_ota_handler.o
        62          6          0          0          0       1065   mcu_transplant.o
       506         40          0          4          0       4982   motor_init.o
       694         52         30          0          0      12154   protocol.o
        68          4          0          8          0       2182   rtc_init.o
         0          0          0         16          0       2184   service_logic_manage.o
       336        218          0          0        512        708   startup_ht32f5xxxx_01.o
      1080        122         14         13       1301      10680   system.o
       244         20          0          4          0       1951   system_ht32f5xxxx_02.o
       104         14          0          4          0       1701   systick_init.o
      1044        104          0          6          0       5219   tst_function.o
       196         28          0          2        100       3127   tybn1_init.o
       164         16          0          0        100       1923   uart0_init.o
       156          4          0          1        100       1976   usart0_init.o

    ----------------------------------------------------------------------
     11976       1382       2850        128       3112     239680   Object Totals
         0          0         32          0          0          0   (incl. Generated)
        28          0          2          5          3          0   (incl. Padding)

    ----------------------------------------------------------------------

      Code (inc. data)   RO Data    RW Data    ZI Data      Debug   Library Member Name

        36          4         64          0          0         60   ctype_c.o
         0          0          0          0          0          0   entry.o
         0          0          0          0          0          0   entry10a.o
         0          0          0          0          0          0   entry11a.o
         8          4          0          0          0          0   entry2.o
         4          0          0          0          0          0   entry5.o
         0          0          0          0          0          0   entry7b.o
         0          0          0          0          0          0   entry8b.o
         8          4          0          0          0          0   entry9a.o
        30          0          0          0          0          0   handlers.o
        40          0          0          0          0         72   idiv.o
        36          8          0          0          0         68   init.o
        12          0          0          0          0         68   isdigit_c.o
        14          0          0          0          0         68   isspace_c.o
         0          0          0          0          0          0   iusefp.o
       122          0          0          0          0         84   llmul.o
        32          0          0          0          0         68   llshl.o
        34          0          0          0          0         68   llushr.o
        26          0          0          0          0         72   memcmp.o
        36          0          0          0          0         60   memcpya.o
        36          0          0          0          0        100   memseta.o
        50          8          0          0          0        144   printfb.o
        44          0          0          0          0         72   uidiv.o
        20          0          0          0          0         60   uread4.o
        20          0          0          0          0         68   cfcmple.o
        56          0          0          0          0         68   d2f.o
       236          0          0          0          0        216   depilogue.o
       208          6          0          0          0         88   dmul.o
        40          0          0          0          0         60   f2d.o
       178          0          0          0          0        108   fadd.o
       124          0          0          0          0         72   fdiv.o
       130          0          0          0          0        144   fepilogue.o
        40          0          0          0          0         60   ffixui.o
        14          0          0          0          0         68   ffltui.o
       122          0          0          0          0         72   fmul.o

    ----------------------------------------------------------------------
      1760         34         66          0          0       2088   Library Totals
         4          0          2          0          0          0   (incl. Padding)

    ----------------------------------------------------------------------

      Code (inc. data)   RO Data    RW Data    ZI Data      Debug   Library Name

       588         28         64          0          0       1064   mc_p.l
      1168          6          0          0          0       1024   mf_p.l

    ----------------------------------------------------------------------
      1760         34         66          0          0       2088   Library Totals

    ----------------------------------------------------------------------

==============================================================================


      Code (inc. data)   RO Data    RW Data    ZI Data      Debug   

     13736       1416       2916        128       3112     233156   Grand Totals
     13736       1416       2916        128       3112     233156   ELF Image Totals
     13736       1416       2916        128          0          0   ROM Totals

==============================================================================

    Total RO  Size (Code + RO Data)                16652 (  16.26kB)
    Total RW  Size (RW Data + ZI Data)              3240 (   3.16kB)
    Total ROM Size (Code + RO Data + RW Data)      16780 (  16.39kB)

==============================================================================

